Archive member included to satisfy reference by file (symbol)

C:/Program Files/SEGGER/SEGGER Embedded Studio for ARM 4.52c/lib/libc_v7em_fpv4_sp_d16_hard_t_le_eabi.a(libc2.o)
                              Output/twi_sensor_pca10056 Debug/Obj/nrf_log_str_formatter.o (isprint)
C:/Program Files/SEGGER/SEGGER Embedded Studio for ARM 4.52c/lib/libc_v7em_fpv4_sp_d16_hard_t_le_eabi.a(libc2_asm.o)
                              Output/twi_sensor_pca10056 Debug/Obj/nrf_log_frontend.o (memcpy)
C:/Program Files/SEGGER/SEGGER Embedded Studio for ARM 4.52c/lib/libc_v7em_fpv4_sp_d16_hard_t_le_eabi.a(libc.o)
                              C:/Program Files/SEGGER/SEGGER Embedded Studio for ARM 4.52c/lib/libc_v7em_fpv4_sp_d16_hard_t_le_eabi.a(libc2.o) (__heap_lock)
C:/Program Files/SEGGER/SEGGER Embedded Studio for ARM 4.52c/lib/libc_v7em_fpv4_sp_d16_hard_t_le_eabi.a(libc_asm.o)
                              C:/Program Files/SEGGER/SEGGER Embedded Studio for ARM 4.52c/lib/libc_v7em_fpv4_sp_d16_hard_t_le_eabi.a(libc2.o) (__aeabi_uldivmod)
C:/Program Files/SEGGER/SEGGER Embedded Studio for ARM 4.52c/lib/libdebugio_v7em_fpv4_sp_d16_hard_t_le_eabi.a(libdebugio.o)
                              Output/twi_sensor_pca10056 Debug/Obj/thumb_crt0.o (debug_fopen)
C:/Program Files/SEGGER/SEGGER Embedded Studio for ARM 4.52c/lib/libdebugio_mempoll_v7em_fpv4_sp_d16_hard_t_le_eabi.a(mempoll_debug_operations.o)
                              C:/Program Files/SEGGER/SEGGER Embedded Studio for ARM 4.52c/lib/libdebugio_v7em_fpv4_sp_d16_hard_t_le_eabi.a(libdebugio.o) (__do_debug_operation)
C:/Program Files/SEGGER/SEGGER Embedded Studio for ARM 4.52c/lib/libdebugio_mempoll_v7em_fpv4_sp_d16_hard_t_le_eabi.a(do_nv_debug_operation.o)
                              C:/Program Files/SEGGER/SEGGER Embedded Studio for ARM 4.52c/lib/libdebugio_v7em_fpv4_sp_d16_hard_t_le_eabi.a(libdebugio.o) (__do_nvdebug_operation)
C:/Program Files/SEGGER/SEGGER Embedded Studio for ARM 4.52c/lib/libm_v7em_fpv4_sp_d16_hard_t_le_eabi.a(libm_asm.o)
                              C:/Program Files/SEGGER/SEGGER Embedded Studio for ARM 4.52c/lib/libc_v7em_fpv4_sp_d16_hard_t_le_eabi.a(libc2.o) (__aeabi_dadd)
C:/Program Files/SEGGER/SEGGER Embedded Studio for ARM 4.52c/lib/libm_v7em_fpv4_sp_d16_hard_t_le_eabi.a(libm2.o)
                              C:/Program Files/SEGGER/SEGGER Embedded Studio for ARM 4.52c/lib/libvfprintf_v7em_fpv4_sp_d16_hard_t_le_eabi.o (frexp)

Discarded input sections

 .text          0x0000000000000000        0x0 Output/twi_sensor_pca10056 Debug/Obj/thumb_crt0.o
 .data          0x0000000000000000        0x0 Output/twi_sensor_pca10056 Debug/Obj/thumb_crt0.o
 .bss           0x0000000000000000        0x0 Output/twi_sensor_pca10056 Debug/Obj/thumb_crt0.o
 .text.__aeabi_read_tp
                0x0000000000000000        0x8 Output/twi_sensor_pca10056 Debug/Obj/thumb_crt0.o
 .text.abort    0x0000000000000000        0x2 Output/twi_sensor_pca10056 Debug/Obj/thumb_crt0.o
 .text.__assert
                0x0000000000000000        0x2 Output/twi_sensor_pca10056 Debug/Obj/thumb_crt0.o
 .text.__assert_func
                0x0000000000000000        0x2 Output/twi_sensor_pca10056 Debug/Obj/thumb_crt0.o
 .text.__aeabi_assert
                0x0000000000000000        0x2 Output/twi_sensor_pca10056 Debug/Obj/thumb_crt0.o
 .text.__sync_synchronize
                0x0000000000000000        0x2 Output/twi_sensor_pca10056 Debug/Obj/thumb_crt0.o
 .text.__getchar
                0x0000000000000000        0x4 Output/twi_sensor_pca10056 Debug/Obj/thumb_crt0.o
 .text.__putchar
                0x0000000000000000        0x4 Output/twi_sensor_pca10056 Debug/Obj/thumb_crt0.o
 .text.__open   0x0000000000000000        0x4 Output/twi_sensor_pca10056 Debug/Obj/thumb_crt0.o
 .text.__close  0x0000000000000000        0x4 Output/twi_sensor_pca10056 Debug/Obj/thumb_crt0.o
 .text.__write  0x0000000000000000        0xa Output/twi_sensor_pca10056 Debug/Obj/thumb_crt0.o
 .text.__read   0x0000000000000000        0xa Output/twi_sensor_pca10056 Debug/Obj/thumb_crt0.o
 .text.__seek   0x0000000000000000       0x1a Output/twi_sensor_pca10056 Debug/Obj/thumb_crt0.o
 .bss.__user_locale_name_buffer
                0x0000000000000000        0x4 Output/twi_sensor_pca10056 Debug/Obj/thumb_crt0.o
 .stack         0x0000000000000000        0x0 Output/twi_sensor_pca10056 Debug/Obj/thumb_crt0.o
 .stack_process
                0x0000000000000000        0x0 Output/twi_sensor_pca10056 Debug/Obj/thumb_crt0.o
 .heap          0x0000000000000000        0x0 Output/twi_sensor_pca10056 Debug/Obj/thumb_crt0.o
 .group         0x0000000000000000        0xc Output/twi_sensor_pca10056 Debug/Obj/nrf_log_backend_rtt.o
 .group         0x0000000000000000        0xc Output/twi_sensor_pca10056 Debug/Obj/nrf_log_backend_rtt.o
 .group         0x0000000000000000        0xc Output/twi_sensor_pca10056 Debug/Obj/nrf_log_backend_rtt.o
 .group         0x0000000000000000        0xc Output/twi_sensor_pca10056 Debug/Obj/nrf_log_backend_rtt.o
[...]
Memory Configuration

Name             Origin             Length             Attributes
UNPLACED_SECTIONS 0x0000000100000000 0x0000000000000000 xw
RAM              0x0000000020000000 0x0000000000040000 xw
FLASH            0x0000000000000000 0x0000000000100000 xw
*default*        0x0000000000000000 0xffffffffffffffff

Linker script and memory map

                0x0000000000000000                __vfprintf = __vfprintf_long
                0x0000000000000000                __vfscanf = __vfscanf_int
                0x0000000020000000                __RAM_segment_start__ = 0x20000000
                0x0000000020040000                __RAM_segment_end__ = 0x20040000
                0x0000000000040000                __RAM_segment_size__ = 0x40000
                0x0000000000000000                __FLASH_segment_start__ = 0x0
                0x0000000000100000                __FLASH_segment_end__ = 0x100000
                0x0000000000100000                __FLASH_segment_size__ = 0x100000
                0x0000000000002000                __HEAPSIZE__ = 0x2000
                0x0000000000000000                __STACKSIZE_PROCESS__ = 0x0
                0x0000000000002000                __STACKSIZE__ = 0x2000
                0x0000000020000000                __vectors_ram_load_start__ = 0x20000000

.vectors_ram    0x0000000020000000        0x0
                0x0000000020000000                __vectors_ram_start__ = .
                0x0000000020000000                __app_ram_start__ = __vectors_ram_start__
 *(.vectors_ram .vectors_ram.*)
                0x0000000020000000                __vectors_ram_end__ = (__vectors_ram_start__ + SIZEOF (.vectors_ram))
                0x0000000000000000                __vectors_ram_size__ = SIZEOF (.vectors_ram)
                0x0000000020000000                __vectors_ram_load_end__ = __vectors_ram_end__
                0x0000000000000001                . = ASSERT (((__vectors_ram_start__ == __vectors_ram_end__) || ((__vectors_ram_end__ - __RAM_segment_start__) <= __RAM_segment_size__)), error: .vectors_ram is too large to fit in RAM memory segment)
                0x0000000020000000                __nrf_sections_run_load_start__ = ALIGN (__vectors_ram_end__, 0x4)

.nrf_sections_run
                0x0000000020000000        0x0
                0x0000000020000000                __nrf_sections_run_start__ = .
                0x0000000020000000                __start_nrf_sections_run = __nrf_sections_run_start__
 *(.nrf_sections_run .nrf_sections_run.*)
                0x0000000020000000                __nrf_sections_run_end__ = (__nrf_sections_run_start__ + SIZEOF (.nrf_sections_run))
                0x0000000000000000                __nrf_sections_run_size__ = SIZEOF (.nrf_sections_run)
                0x0000000020000000                __nrf_sections_run_load_end__ = __nrf_sections_run_end__
                0x0000000000000001                . = ASSERT (((__nrf_sections_run_start__ == __nrf_sections_run_end__) || ((__nrf_sections_run_end__ - __RAM_segment_start__) <= __RAM_segment_size__)), error: .nrf_sections_run is too large to fit in RAM memory segment)
                0x0000000000000000                __vectors_load_start__ = 0x0

.vectors        0x0000000000000000      0x100
                0x0000000000000000                __vectors_start__ = .
 *(.vectors .vectors.*)
 .vectors       0x0000000000000000      0x100 Output/twi_sensor_pca10056 Debug/Obj/ses_nrf52840_Vectors.o
                0x0000000000000000                _vectors
                0x0000000000000100                __vectors_end__ = (__vectors_start__ + SIZEOF (.vectors))
                0x0000000000000100                __vectors_size__ = SIZEOF (.vectors)
                0x0000000000000100                __vectors_load_end__ = __vectors_end__
                0x0000000000000001                . = ASSERT (((__vectors_start__ == __vectors_end__) || ((__vectors_end__ - __FLASH_segment_start__) <= __FLASH_segment_size__)), error: .vectors is too large to fit in FLASH memory segment)
                0x0000000000000100                __init_load_start__ = ALIGN (__vectors_end__, 0x4)

.init           0x0000000000000100      0x220
                0x0000000000000100                __init_start__ = .
 *(.init .init.*)
 .init          0x0000000000000100      0x15c Output/twi_sensor_pca10056 Debug/Obj/thumb_crt0.o
                0x0000000000000100                _start
                0x00000000000001b4                exit
 .init          0x000000000000025c       0x58 Output/twi_sensor_pca10056 Debug/Obj/ses_nRF_Startup.o
                0x000000000000025c                Reset_Handler
                0x0000000000000280                InitializeUserMemorySections
 .init          0x00000000000002b4       0x6c Output/twi_sensor_pca10056 Debug/Obj/ses_nrf52840_Vectors.o
                0x00000000000002b4                NMI_Handler
                0x00000000000002b6                HardFault_Handler
                0x00000000000002b8                MemoryManagement_Handler
                0x00000000000002ba                BusFault_Handler
                0x00000000000002bc                UsageFault_Handler
                0x00000000000002be                SVC_Handler
                0x00000000000002c0                DebugMon_Handler
                0x00000000000002c2                PendSV_Handler
                0x00000000000002c4                SysTick_Handler
                0x00000000000002c8                POWER_CLOCK_IRQHandler
                0x00000000000002ca                RADIO_IRQHandler
                0x00000000000002d0                SPIM1_SPIS1_TWIM1_TWIS1_SPI1_TWI1_IRQHandler
                0x00000000000002d2                NFCT_IRQHandler
                0x00000000000002d4                GPIOTE_IRQHandler
                0x00000000000002d6                SAADC_IRQHandler
                0x00000000000002d8                TIMER0_IRQHandler
                0x00000000000002da                TIMER1_IRQHandler
                0x00000000000002dc                TIMER2_IRQHandler
                0x00000000000002de                RTC0_IRQHandler
                0x00000000000002e0                TEMP_IRQHandler
                0x00000000000002e2                RNG_IRQHandler
                0x00000000000002e4                ECB_IRQHandler
                0x00000000000002e6                CCM_AAR_IRQHandler
                0x00000000000002e8                WDT_IRQHandler
                0x00000000000002ea                RTC1_IRQHandler
                0x00000000000002ec                QDEC_IRQHandler
                0x00000000000002ee                COMP_LPCOMP_IRQHandler
                0x00000000000002f0                SWI0_EGU0_IRQHandler
                0x00000000000002f2                SWI1_EGU1_IRQHandler
                0x00000000000002f4                SWI2_EGU2_IRQHandler
                0x00000000000002f6                SWI3_EGU3_IRQHandler
                0x00000000000002f8                SWI4_EGU4_IRQHandler
                0x00000000000002fa                SWI5_EGU5_IRQHandler
                0x00000000000002fc                TIMER3_IRQHandler
                0x00000000000002fe                TIMER4_IRQHandler
                0x0000000000000300                PWM0_IRQHandler
                0x0000000000000302                PDM_IRQHandler
                0x0000000000000304                MWU_IRQHandler
                0x0000000000000306                PWM1_IRQHandler
                0x0000000000000308                PWM2_IRQHandler
                0x000000000000030a                SPIM2_SPIS2_SPI2_IRQHandler
                0x000000000000030c                RTC2_IRQHandler
                0x000000000000030e                I2S_IRQHandler
                0x0000000000000310                FPU_IRQHandler
                0x0000000000000312                USBD_IRQHandler
                0x0000000000000314                UARTE1_IRQHandler
                0x0000000000000316                QSPI_IRQHandler
                0x0000000000000318                CRYPTOCELL_IRQHandler
                0x000000000000031a                SPIM3_IRQHandler
                0x000000000000031c                PWM3_IRQHandler
                0x0000000000000320                __init_end__ = (__init_start__ + SIZEOF (.init))
                0x0000000000000220                __init_size__ = SIZEOF (.init)
                0x0000000000000320                __init_load_end__ = __init_end__
                0x0000000000000001                . = ASSERT (((__init_start__ == __init_end__) || ((__init_end__ - __FLASH_segment_start__) <= __FLASH_segment_size__)), error: .init is too large to fit in FLASH memory segment)
                0x0000000000000320                __init_rodata_load_start__ = ALIGN (__init_end__, 0x4)

.init_rodata    0x0000000000000320        0x0
                0x0000000000000320                __init_rodata_start__ = .
 *(.init_rodata .init_rodata.*)
                0x0000000000000320                __init_rodata_end__ = (__init_rodata_start__ + SIZEOF (.init_rodata))
                0x0000000000000000                __init_rodata_size__ = SIZEOF (.init_rodata)
                0x0000000000000320                __init_rodata_load_end__ = __init_rodata_end__
                0x0000000000000001                . = ASSERT (((__init_rodata_start__ == __init_rodata_end__) || ((__init_rodata_end__ - __FLASH_segment_start__) <= __FLASH_segment_size__)), error: .init_rodata is too large to fit in FLASH memory segment)
                0x0000000000000320                __text_load_start__ = ALIGN (__init_rodata_end__, 0x4)

.text           0x0000000000000320     0x4034
                0x0000000000000320                __text_start__ = .
 *(.text .text.* .glue_7t .glue_7 .gnu.linkonce.t.* .gcc_except_table .ARM.extab* .gnu.linkonce.armextab.*)
 .glue_7        0x0000000000000320        0x0 linker stubs
 .glue_7t       0x0000000000000320        0x0 linker stubs
 .text.nrfx_coredep_delay_us
                0x0000000000000320       0x30 Output/twi_sensor_pca10056 Debug/Obj/nrf_log_backend_rtt.o
 .text.nrf_delay_ms
                0x0000000000000350       0x2a Output/twi_sensor_pca10056 Debug/Obj/nrf_log_backend_rtt.o
 .text.nrf_log_backend_rtt_init
                0x000000000000037a        0xa Output/twi_sensor_pca10056 Debug/Obj/nrf_log_backend_rtt.o
                0x000000000000037a                nrf_log_backend_rtt_init
 .text.serial_tx
                0x0000000000000384       0x84 Output/twi_sensor_pca10056 Debug/Obj/nrf_log_backend_rtt.o
 .text.nrf_log_backend_rtt_put
                0x0000000000000408       0x28 Output/twi_sensor_pca10056 Debug/Obj/nrf_log_backend_rtt.o
 .text.nrf_log_backend_rtt_flush
                0x0000000000000430        0xa Output/twi_sensor_pca10056 Debug/Obj/nrf_log_backend_rtt.o
 .text.nrf_log_backend_rtt_panic_set
                0x000000000000043a        0xa Output/twi_sensor_pca10056 Debug/Obj/nrf_log_backend_rtt.o
 .text.nrf_log_backend_serial_put
                0x0000000000000444      0x124 Output/twi_sensor_pca10056 Debug/Obj/nrf_log_backend_serial.o
                0x0000000000000444                nrf_log_backend_serial_put
 .text.nrf_log_backend_enable
                0x0000000000000568       0x10 Output/twi_sensor_pca10056 Debug/Obj/nrf_log_default_backends.o
 .text.nrf_log_default_backends_init
                0x0000000000000578       0x3c Output/twi_sensor_pca10056 Debug/Obj/nrf_log_default_backends.o
                0x0000000000000578                nrf_log_default_backends_init
 .text.nrf_log_backend_put
                0x00000000000005b4       0x1c Output/twi_sensor_pca10056 Debug/Obj/nrf_log_frontend.o
 .text.nrf_log_backend_panic_set
                0x00000000000005d0       0x18 Output/twi_sensor_pca10056 Debug/Obj/nrf_log_frontend.o
 .text.nrf_log_backend_flush
                0x00000000000005e8       0x18 Output/twi_sensor_pca10056 Debug/Obj/nrf_log_frontend.o
 .text.nrf_log_backend_id_set
                0x0000000000000600       0x18 Output/twi_sensor_pca10056 Debug/Obj/nrf_log_frontend.o
 .text.nrf_log_backend_id_get
                0x0000000000000618        0xe Output/twi_sensor_pca10056 Debug/Obj/nrf_log_frontend.o
 .text.nrf_log_backend_enable
                0x0000000000000626       0x10 Output/twi_sensor_pca10056 Debug/Obj/nrf_log_frontend.o
 .text.nrf_log_backend_is_enabled
                0x0000000000000636        0xe Output/twi_sensor_pca10056 Debug/Obj/nrf_log_frontend.o
 .text.nrf_log_init
                0x0000000000000644       0x94 Output/twi_sensor_pca10056 Debug/Obj/nrf_log_frontend.o
                0x0000000000000644                nrf_log_init
 .text.nrf_log_module_cnt_get
                0x00000000000006d8       0x14 Output/twi_sensor_pca10056 Debug/Obj/nrf_log_frontend.o
                0x00000000000006d8                nrf_log_module_cnt_get
 .text.module_idx_get
                0x00000000000006ec       0x64 Output/twi_sensor_pca10056 Debug/Obj/nrf_log_frontend.o
 .text.nrf_log_module_name_get
                0x0000000000000750       0x40 Output/twi_sensor_pca10056 Debug/Obj/nrf_log_frontend.o
                0x0000000000000750                nrf_log_module_name_get
 .text.nrf_log_color_id_get
                0x0000000000000790       0x70 Output/twi_sensor_pca10056 Debug/Obj/nrf_log_frontend.o
                0x0000000000000790                nrf_log_color_id_get
 .text.invalid_packets_pushed_str_omit
                0x0000000000000800       0xc4 Output/twi_sensor_pca10056 Debug/Obj/nrf_log_frontend.o
 .text.log_skip
                0x00000000000008c4      0x114 Output/twi_sensor_pca10056 Debug/Obj/nrf_log_frontend.o
 .text.dropped_sat16_get
                0x00000000000009d8       0x28 Output/twi_sensor_pca10056 Debug/Obj/nrf_log_frontend.o
 .text.std_header_set
                0x0000000000000a00       0xb4 Output/twi_sensor_pca10056 Debug/Obj/nrf_log_frontend.o
 .text.buf_prealloc
                0x0000000000000ab4      0x124 Output/twi_sensor_pca10056 Debug/Obj/nrf_log_frontend.o
 .text.std_n    0x0000000000000bd8       0x90 Output/twi_sensor_pca10056 Debug/Obj/nrf_log_frontend.o
 .text.nrf_log_frontend_std_0
                0x0000000000000c68       0x1c Output/twi_sensor_pca10056 Debug/Obj/nrf_log_frontend.o
                0x0000000000000c68                nrf_log_frontend_std_0
 .text.nrf_log_frontend_std_1
                0x0000000000000c84       0x22 Output/twi_sensor_pca10056 Debug/Obj/nrf_log_frontend.o
                0x0000000000000c84                nrf_log_frontend_std_1
 .text.nrf_log_frontend_std_2
                0x0000000000000ca6       0x28 Output/twi_sensor_pca10056 Debug/Obj/nrf_log_frontend.o
                0x0000000000000ca6                nrf_log_frontend_std_2
 .text.nrf_log_frontend_std_3
                0x0000000000000cce       0x2c Output/twi_sensor_pca10056 Debug/Obj/nrf_log_frontend.o
                0x0000000000000cce                nrf_log_frontend_std_3
 .text.nrf_log_frontend_std_5
                0x0000000000000cfa       0x34 Output/twi_sensor_pca10056 Debug/Obj/nrf_log_frontend.o
                0x0000000000000cfa                nrf_log_frontend_std_5
 *fill*         0x0000000000000d2e        0x2 
 .text.buffer_is_empty
                0x0000000000000d30       0x1c Output/twi_sensor_pca10056 Debug/Obj/nrf_log_frontend.o
                0x0000000000000d30                buffer_is_empty
 .text.nrf_log_frontend_dequeue
                0x0000000000000d4c      0x388 Output/twi_sensor_pca10056 Debug/Obj/nrf_log_frontend.o
                0x0000000000000d4c                nrf_log_frontend_dequeue
 .text.backend_id_assign
                0x00000000000010d4       0x68 Output/twi_sensor_pca10056 Debug/Obj/nrf_log_frontend.o
 .text.nrf_log_backend_add
                0x000000000000113c       0x68 Output/twi_sensor_pca10056 Debug/Obj/nrf_log_frontend.o
                0x000000000000113c                nrf_log_backend_add
 .text.nrf_log_panic
                0x00000000000011a4       0x3c Output/twi_sensor_pca10056 Debug/Obj/nrf_log_frontend.o
                0x00000000000011a4                nrf_log_panic
 .text.timestamp_print
                0x00000000000011e0        0xc Output/twi_sensor_pca10056 Debug/Obj/nrf_log_str_formatter.o
 .text.prefix_process
                0x00000000000011ec       0xb0 Output/twi_sensor_pca10056 Debug/Obj/nrf_log_str_formatter.o
 .text.postfix_process
                0x000000000000129c       0x60 Output/twi_sensor_pca10056 Debug/Obj/nrf_log_str_formatter.o
 .text.nrf_log_std_entry_process
                0x00000000000012fc      0x144 Output/twi_sensor_pca10056 Debug/Obj/nrf_log_str_formatter.o
                0x00000000000012fc                nrf_log_std_entry_process
 .text.nrf_log_hexdump_entry_process
                0x0000000000001440       0xe8 Output/twi_sensor_pca10056 Debug/Obj/nrf_log_str_formatter.o
                0x0000000000001440                nrf_log_hexdump_entry_process
 .text.app_error_save_and_stop
                0x0000000000001528       0x9c Output/twi_sensor_pca10056 Debug/Obj/app_error.o
                0x0000000000001528                app_error_save_and_stop
 .text.app_error_handler
                0x00000000000015c4       0x1c Output/twi_sensor_pca10056 Debug/Obj/app_error_handler_gcc.o
                0x00000000000015c4                app_error_handler
 .text.app_error_fault_handler
                0x00000000000015e0       0xf4 Output/twi_sensor_pca10056 Debug/Obj/app_error_weak.o
                0x00000000000015e0                app_error_fault_handler
 .text.app_util_disable_irq
                0x00000000000016d4       0x18 Output/twi_sensor_pca10056 Debug/Obj/app_util_platform.o
                0x00000000000016d4                app_util_disable_irq
 .text.app_util_enable_irq
                0x00000000000016ec       0x20 Output/twi_sensor_pca10056 Debug/Obj/app_util_platform.o
                0x00000000000016ec                app_util_enable_irq
 .text.app_util_critical_region_enter
                0x000000000000170c       0x28 Output/twi_sensor_pca10056 Debug/Obj/app_util_platform.o
                0x000000000000170c                app_util_critical_region_enter
 .text.app_util_critical_region_exit
                0x0000000000001734       0x2c Output/twi_sensor_pca10056 Debug/Obj/app_util_platform.o
                0x0000000000001734                app_util_critical_region_exit
 .text.privilege_level_get
                0x0000000000001760       0x3a Output/twi_sensor_pca10056 Debug/Obj/app_util_platform.o
                0x0000000000001760                privilege_level_get
 .text.assert_nrf_callback
                0x000000000000179a       0x2e Output/twi_sensor_pca10056 Debug/Obj/nrf_assert.o
                0x000000000000179a                assert_nrf_callback
 .text.nrf_atomic_u32_fetch_store
                0x00000000000017c8       0x2e Output/twi_sensor_pca10056 Debug/Obj/nrf_atomic.o
                0x00000000000017c8                nrf_atomic_u32_fetch_store
 .text.nrf_atomic_u32_or
                0x00000000000017f6       0x30 Output/twi_sensor_pca10056 Debug/Obj/nrf_atomic.o
                0x00000000000017f6                nrf_atomic_u32_or
 .text.nrf_atomic_u32_fetch_and
                0x0000000000001826       0x30 Output/twi_sensor_pca10056 Debug/Obj/nrf_atomic.o
                0x0000000000001826                nrf_atomic_u32_fetch_and
 .text.nrf_atomic_u32_add
                0x0000000000001856       0x30 Output/twi_sensor_pca10056 Debug/Obj/nrf_atomic.o
                0x0000000000001856                nrf_atomic_u32_add
 .text.nrf_atomic_u32_sub
                0x0000000000001886       0x30 Output/twi_sensor_pca10056 Debug/Obj/nrf_atomic.o
                0x0000000000001886                nrf_atomic_u32_sub
 .text.nrf_atomic_flag_set
                0x00000000000018b6       0x18 Output/twi_sensor_pca10056 Debug/Obj/nrf_atomic.o
                0x00000000000018b6                nrf_atomic_flag_set
 .text.nrf_atomic_flag_clear_fetch
                0x00000000000018ce       0x18 Output/twi_sensor_pca10056 Debug/Obj/nrf_atomic.o
                0x00000000000018ce                nrf_atomic_flag_clear_fetch
 *fill*         0x00000000000018e6        0x2 
 .text.nrf_balloc_idx2block
                0x00000000000018e8       0x38 Output/twi_sensor_pca10056 Debug/Obj/nrf_balloc.o
 .text.nrf_balloc_block2idx
                0x0000000000001920       0x34 Output/twi_sensor_pca10056 Debug/Obj/nrf_balloc.o
 .text.nrf_balloc_init
                0x0000000000001954       0xb8 Output/twi_sensor_pca10056 Debug/Obj/nrf_balloc.o
                0x0000000000001954                nrf_balloc_init
 .text.nrf_balloc_alloc
                0x0000000000001a0c       0x84 Output/twi_sensor_pca10056 Debug/Obj/nrf_balloc.o
                0x0000000000001a0c                nrf_balloc_alloc
 .text.nrf_balloc_free
                0x0000000000001a90       0x58 Output/twi_sensor_pca10056 Debug/Obj/nrf_balloc.o
                0x0000000000001a90                nrf_balloc_free
 .text.nrf_fprintf_buffer_flush
                0x0000000000001ae8       0x44 Output/twi_sensor_pca10056 Debug/Obj/nrf_fprintf.o
                0x0000000000001ae8                nrf_fprintf_buffer_flush
 .text.nrf_fprintf
                0x0000000000001b2c       0x74 Output/twi_sensor_pca10056 Debug/Obj/nrf_fprintf.o
                0x0000000000001b2c                nrf_fprintf
 .text.buffer_add
                0x0000000000001ba0       0x3c Output/twi_sensor_pca10056 Debug/Obj/nrf_fprintf_format.o
 .text.string_print
                0x0000000000001bdc       0xc2 Output/twi_sensor_pca10056 Debug/Obj/nrf_fprintf_format.o
 *fill*         0x0000000000001c9e        0x2 
 .text.unsigned_print
                0x0000000000001ca0      0x130 Output/twi_sensor_pca10056 Debug/Obj/nrf_fprintf_format.o
 .text.int_print
                0x0000000000001dd0      0x11c Output/twi_sensor_pca10056 Debug/Obj/nrf_fprintf_format.o
 .text.nrf_fprintf_fmt
                0x0000000000001eec      0x388 Output/twi_sensor_pca10056 Debug/Obj/nrf_fprintf_format.o
                0x0000000000001eec                nrf_fprintf_fmt
 .text.nrf_memobj_pool_init
                0x0000000000002274       0x16 Output/twi_sensor_pca10056 Debug/Obj/nrf_memobj.o
                0x0000000000002274                nrf_memobj_pool_init
 .text.nrf_memobj_alloc
                0x000000000000228a       0xae Output/twi_sensor_pca10056 Debug/Obj/nrf_memobj.o
                0x000000000000228a                nrf_memobj_alloc
 .text.nrf_memobj_free
                0x0000000000002338       0x74 Output/twi_sensor_pca10056 Debug/Obj/nrf_memobj.o
                0x0000000000002338                nrf_memobj_free
 .text.nrf_memobj_get
                0x00000000000023ac       0x1e Output/twi_sensor_pca10056 Debug/Obj/nrf_memobj.o
                0x00000000000023ac                nrf_memobj_get
 .text.nrf_memobj_put
                0x00000000000023ca       0x34 Output/twi_sensor_pca10056 Debug/Obj/nrf_memobj.o
                0x00000000000023ca                nrf_memobj_put
 *fill*         0x00000000000023fe        0x2 
 .text.memobj_op
                0x0000000000002400      0x104 Output/twi_sensor_pca10056 Debug/Obj/nrf_memobj.o
 .text.nrf_memobj_write
                0x0000000000002504       0x24 Output/twi_sensor_pca10056 Debug/Obj/nrf_memobj.o
                0x0000000000002504                nrf_memobj_write
 .text.nrf_memobj_read
                0x0000000000002528       0x24 Output/twi_sensor_pca10056 Debug/Obj/nrf_memobj.o
                0x0000000000002528                nrf_memobj_read
 .text.nrf_strerror_get
                0x000000000000254c       0x28 Output/twi_sensor_pca10056 Debug/Obj/nrf_strerror.o
                0x000000000000254c                nrf_strerror_get
 .text.nrf_strerror_find
                0x0000000000002574       0x68 Output/twi_sensor_pca10056 Debug/Obj/nrf_strerror.o
                0x0000000000002574                nrf_strerror_find
 .text.nrfx_coredep_delay_us
                0x00000000000025dc       0x30 Output/twi_sensor_pca10056 Debug/Obj/nrf_drv_twi.o
 .text.nrf_gpio_pin_port_decode
                0x000000000000260c       0x44 Output/twi_sensor_pca10056 Debug/Obj/nrf_drv_twi.o
 .text.nrf_gpio_pin_set
                0x0000000000002650       0x28 Output/twi_sensor_pca10056 Debug/Obj/nrf_drv_twi.o
 .text.nrf_gpio_pin_clear
                0x0000000000002678       0x28 Output/twi_sensor_pca10056 Debug/Obj/nrf_drv_twi.o
 .text.nrf_gpio_pin_read
                0x00000000000026a0       0x2a Output/twi_sensor_pca10056 Debug/Obj/nrf_drv_twi.o
 .text.nrf_gpio_port_in_read
                0x00000000000026ca       0x10 Output/twi_sensor_pca10056 Debug/Obj/nrf_drv_twi.o
 .text.nrf_gpio_port_out_set
                0x00000000000026da       0x14 Output/twi_sensor_pca10056 Debug/Obj/nrf_drv_twi.o
 .text.nrf_gpio_port_out_clear
                0x00000000000026ee       0x14 Output/twi_sensor_pca10056 Debug/Obj/nrf_drv_twi.o
 .text.twi_clear_bus
                0x0000000000002702       0xde Output/twi_sensor_pca10056 Debug/Obj/nrf_drv_twi.o
 .text.twim_evt_handler
                0x00000000000027e0       0x6c Output/twi_sensor_pca10056 Debug/Obj/nrf_drv_twi.o
 .text.nrf_drv_twi_init
                0x000000000000284c       0x68 Output/twi_sensor_pca10056 Debug/Obj/nrf_drv_twi.o
                0x000000000000284c                nrf_drv_twi_init
 .text.UARTE0_UART0_IRQHandler
                0x00000000000028b4       0x24 Output/twi_sensor_pca10056 Debug/Obj/nrfx_prs.o
                0x00000000000028b4                UARTE0_UART0_IRQHandler
 .text.prs_box_get
                0x00000000000028d8       0x20 Output/twi_sensor_pca10056 Debug/Obj/nrfx_prs.o
 .text.nrfx_prs_acquire
                0x00000000000028f8       0x74 Output/twi_sensor_pca10056 Debug/Obj/nrfx_prs.o
                0x00000000000028f8                nrfx_prs_acquire
 .text.NVIC_EnableIRQ
                0x000000000000296c       0x2c Output/twi_sensor_pca10056 Debug/Obj/nrfx_twim.o
 .text.NVIC_ClearPendingIRQ
                0x0000000000002998       0x30 Output/twi_sensor_pca10056 Debug/Obj/nrfx_twim.o
 .text.NVIC_SetPriority
                0x00000000000029c8       0x50 Output/twi_sensor_pca10056 Debug/Obj/nrfx_twim.o
 .text.nrfx_is_in_ram
                0x0000000000002a18       0x1c Output/twi_sensor_pca10056 Debug/Obj/nrfx_twim.o
 .text.nrfx_get_irq_number
                0x0000000000002a34       0x16 Output/twi_sensor_pca10056 Debug/Obj/nrfx_twim.o
 *fill*         0x0000000000002a4a        0x2 
 .text._NRFX_IRQ_PRIORITY_SET
                0x0000000000002a4c       0x40 Output/twi_sensor_pca10056 Debug/Obj/nrfx_twim.o
 .text._NRFX_IRQ_ENABLE
                0x0000000000002a8c       0x26 Output/twi_sensor_pca10056 Debug/Obj/nrfx_twim.o
 .text.nrf_twim_task_trigger
                0x0000000000002ab2       0x1c Output/twi_sensor_pca10056 Debug/Obj/nrfx_twim.o
 .text.nrf_twim_event_clear
                0x0000000000002ace       0x2a Output/twi_sensor_pca10056 Debug/Obj/nrfx_twim.o
 .text.nrf_twim_event_check
                0x0000000000002af8       0x24 Output/twi_sensor_pca10056 Debug/Obj/nrfx_twim.o
 .text.nrf_twim_int_enable
                0x0000000000002b1c       0x14 Output/twi_sensor_pca10056 Debug/Obj/nrfx_twim.o
 .text.nrf_twim_int_disable
                0x0000000000002b30       0x14 Output/twi_sensor_pca10056 Debug/Obj/nrfx_twim.o
 .text.nrf_twim_enable
                0x0000000000002b44       0x12 Output/twi_sensor_pca10056 Debug/Obj/nrfx_twim.o
 .text.nrf_twim_pins_set
                0x0000000000002b56       0x1e Output/twi_sensor_pca10056 Debug/Obj/nrfx_twim.o
 .text.nrf_twim_frequency_set
                0x0000000000002b74       0x14 Output/twi_sensor_pca10056 Debug/Obj/nrfx_twim.o
 .text.nrf_twim_errorsrc_get_and_clear
                0x0000000000002b88       0x1c Output/twi_sensor_pca10056 Debug/Obj/nrfx_twim.o
 .text.nrf_twim_address_set
                0x0000000000002ba4       0x1a Output/twi_sensor_pca10056 Debug/Obj/nrfx_twim.o
 .text.nrf_twim_tx_buffer_set
                0x0000000000002bbe       0x1e Output/twi_sensor_pca10056 Debug/Obj/nrfx_twim.o
 .text.nrf_twim_rx_buffer_set
                0x0000000000002bdc       0x1e Output/twi_sensor_pca10056 Debug/Obj/nrfx_twim.o
 .text.nrf_twim_shorts_set
                0x0000000000002bfa       0x14 Output/twi_sensor_pca10056 Debug/Obj/nrfx_twim.o
 .text.nrf_twim_txd_amount_get
                0x0000000000002c0e       0x10 Output/twi_sensor_pca10056 Debug/Obj/nrfx_twim.o
 .text.nrf_twim_rxd_amount_get
                0x0000000000002c1e       0x10 Output/twi_sensor_pca10056 Debug/Obj/nrfx_twim.o
 .text.nrf_twim_tx_list_enable
                0x0000000000002c2e       0x12 Output/twi_sensor_pca10056 Debug/Obj/nrfx_twim.o
 .text.nrf_twim_tx_list_disable
                0x0000000000002c40       0x12 Output/twi_sensor_pca10056 Debug/Obj/nrfx_twim.o
 .text.nrf_twim_rx_list_enable
                0x0000000000002c52       0x12 Output/twi_sensor_pca10056 Debug/Obj/nrfx_twim.o
 .text.nrf_twim_rx_list_disable
                0x0000000000002c64       0x12 Output/twi_sensor_pca10056 Debug/Obj/nrfx_twim.o
 *fill*         0x0000000000002c76        0x2 
 .text.nrf_gpio_pin_port_decode
                0x0000000000002c78       0x44 Output/twi_sensor_pca10056 Debug/Obj/nrfx_twim.o
 .text.nrf_gpio_cfg
                0x0000000000002cbc       0x62 Output/twi_sensor_pca10056 Debug/Obj/nrfx_twim.o
 .text.twi_process_error
                0x0000000000002d1e       0x30 Output/twi_sensor_pca10056 Debug/Obj/nrfx_twim.o
 *fill*         0x0000000000002d4e        0x2 
 .text.nrfx_twim_init
                0x0000000000002d50      0x148 Output/twi_sensor_pca10056 Debug/Obj/nrfx_twim.o
                0x0000000000002d50                nrfx_twim_init
 .text.nrfx_twim_enable
                0x0000000000002e98       0x4c Output/twi_sensor_pca10056 Debug/Obj/nrfx_twim.o
                0x0000000000002e98                nrfx_twim_enable
 .text.twim_list_enable_handle
                0x0000000000002ee4       0x40 Output/twi_sensor_pca10056 Debug/Obj/nrfx_twim.o
 .text.twim_xfer
                0x0000000000002f24      0x380 Output/twi_sensor_pca10056 Debug/Obj/nrfx_twim.o
 .text.nrfx_twim_xfer
                0x00000000000032a4       0x9c Output/twi_sensor_pca10056 Debug/Obj/nrfx_twim.o
                0x00000000000032a4                nrfx_twim_xfer
 .text.nrfx_twim_tx
                0x0000000000003340       0x50 Output/twi_sensor_pca10056 Debug/Obj/nrfx_twim.o
                0x0000000000003340                nrfx_twim_tx
 .text.nrfx_twim_rx
                0x0000000000003390       0x4a Output/twi_sensor_pca10056 Debug/Obj/nrfx_twim.o
                0x0000000000003390                nrfx_twim_rx
 *fill*         0x00000000000033da        0x2 
 .text.twim_irq_handler
                0x00000000000033dc      0x214 Output/twi_sensor_pca10056 Debug/Obj/nrfx_twim.o
 .text.SPIM0_SPIS0_TWIM0_TWIS0_SPI0_TWI0_IRQHandler
                0x00000000000035f0       0x18 Output/twi_sensor_pca10056 Debug/Obj/nrfx_twim.o
                0x00000000000035f0                SPIM0_SPIS0_TWIM0_TWIS0_SPI0_TWI0_IRQHandler
 .text.nrfx_coredep_delay_us
                0x0000000000003608       0x30 Output/twi_sensor_pca10056 Debug/Obj/main.o
 .text.nrf_drv_twi_enable
                0x0000000000003638       0x18 Output/twi_sensor_pca10056 Debug/Obj/main.o
 .text.nrf_drv_twi_tx
                0x0000000000003650       0x40 Output/twi_sensor_pca10056 Debug/Obj/main.o
 .text.nrf_drv_twi_rx
                0x0000000000003690       0x38 Output/twi_sensor_pca10056 Debug/Obj/main.o
 .text.nrf_delay_ms
                0x00000000000036c8       0x2a Output/twi_sensor_pca10056 Debug/Obj/main.o
 *fill*         0x00000000000036f2        0x2 
 .text.data_handler
                0x00000000000036f4      0x1d8 Output/twi_sensor_pca10056 Debug/Obj/main.o
 .text.twi_handler
                0x00000000000038cc       0x90 Output/twi_sensor_pca10056 Debug/Obj/main.o
                0x00000000000038cc                twi_handler
 .text.SHT35_twi_init
                0x000000000000395c       0x60 Output/twi_sensor_pca10056 Debug/Obj/main.o
                0x000000000000395c                SHT35_twi_init
 .text.SHT35_set_mode
                0x00000000000039bc       0x68 Output/twi_sensor_pca10056 Debug/Obj/main.o
                0x00000000000039bc                SHT35_set_mode
 .text.read_sensor_data
                0x0000000000003a24       0x78 Output/twi_sensor_pca10056 Debug/Obj/main.o
 .text.main     0x0000000000003a9c       0x7c Output/twi_sensor_pca10056 Debug/Obj/main.o
                0x0000000000003a9c                main
 .text._DoInit  0x0000000000003b18       0x9c Output/twi_sensor_pca10056 Debug/Obj/SEGGER_RTT.o
 .text._WriteBlocking
                0x0000000000003bb4       0xb2 Output/twi_sensor_pca10056 Debug/Obj/SEGGER_RTT.o
 .text._WriteNoCheck
                0x0000000000003c66       0x7e Output/twi_sensor_pca10056 Debug/Obj/SEGGER_RTT.o
 .text._GetAvailWriteSpace
                0x0000000000003ce4       0x3c Output/twi_sensor_pca10056 Debug/Obj/SEGGER_RTT.o
 .text.SEGGER_RTT_WriteNoLock
                0x0000000000003d20       0xa0 Output/twi_sensor_pca10056 Debug/Obj/SEGGER_RTT.o
                0x0000000000003d20                SEGGER_RTT_WriteNoLock
 .text.SEGGER_RTT_Init
                0x0000000000003dc0        0xa Output/twi_sensor_pca10056 Debug/Obj/SEGGER_RTT.o
                0x0000000000003dc0                SEGGER_RTT_Init
 *fill*         0x0000000000003dca        0x2 
 .text.NVIC_SystemReset
                0x0000000000003dcc       0x2c Output/twi_sensor_pca10056 Debug/Obj/system_nrf52840.o
 .text.SystemCoreClockUpdate
                0x0000000000003df8       0x14 Output/twi_sensor_pca10056 Debug/Obj/system_nrf52840.o
                0x0000000000003df8                SystemCoreClockUpdate
 .text.SystemInit
                0x0000000000003e0c      0x254 Output/twi_sensor_pca10056 Debug/Obj/system_nrf52840.o
                0x0000000000003e0c                SystemInit
 .text.errata_36
                0x0000000000004060       0x3c Output/twi_sensor_pca10056 Debug/Obj/system_nrf52840.o
 .text.errata_66
                0x000000000000409c       0x3c Output/twi_sensor_pca10056 Debug/Obj/system_nrf52840.o
 .text.errata_98
                0x00000000000040d8       0x24 Output/twi_sensor_pca10056 Debug/Obj/system_nrf52840.o
 .text.errata_103
                0x00000000000040fc       0x24 Output/twi_sensor_pca10056 Debug/Obj/system_nrf52840.o
 .text.errata_115
                0x0000000000004120       0x24 Output/twi_sensor_pca10056 Debug/Obj/system_nrf52840.o
 .text.errata_120
                0x0000000000004144       0x24 Output/twi_sensor_pca10056 Debug/Obj/system_nrf52840.o
 .text.errata_136
                0x0000000000004168       0x3c Output/twi_sensor_pca10056 Debug/Obj/system_nrf52840.o
 .text.libc.__RAL_ascii_isctype
                0x00000000000041a4       0x1c C:/Program Files/SEGGER/SEGGER Embedded Studio for ARM 4.52c/lib/libc_v7em_fpv4_sp_d16_hard_t_le_eabi.a(libc2.o)
 .text.libc.__RAL_ascii_toupper
                0x00000000000041c0        0xc C:/Program Files/SEGGER/SEGGER Embedded Studio for ARM 4.52c/lib/libc_v7em_fpv4_sp_d16_hard_t_le_eabi.a(libc2.o)
 .text.libc.__RAL_ascii_tolower
                0x00000000000041cc        0xc C:/Program Files/SEGGER/SEGGER Embedded Studio for ARM 4.52c/lib/libc_v7em_fpv4_sp_d16_hard_t_le_eabi.a(libc2.o)
 .text.libc.__RAL_ascii_iswctype
                0x00000000000041d8       0x1c C:/Program Files/SEGGER/SEGGER Embedded Studio for ARM 4.52c/lib/libc_v7em_fpv4_sp_d16_hard_t_le_eabi.a(libc2.o)
 .text.libc.__RAL_ascii_towupper
                0x00000000000041f4        0xc C:/Program Files/SEGGER/SEGGER Embedded Studio for ARM 4.52c/lib/libc_v7em_fpv4_sp_d16_hard_t_le_eabi.a(libc2.o)
 .text.libc.__RAL_ascii_towlower
                0x0000000000004200        0xc C:/Program Files/SEGGER/SEGGER Embedded Studio for ARM 4.52c/lib/libc_v7em_fpv4_sp_d16_hard_t_le_eabi.a(libc2.o)
 .text.libc.__RAL_ascii_wctomb
                0x000000000000420c        0xe C:/Program Files/SEGGER/SEGGER Embedded Studio for ARM 4.52c/lib/libc_v7em_fpv4_sp_d16_hard_t_le_eabi.a(libc2.o)
                0x000000000000420c                __RAL_ascii_wctomb
 .text.libc.__RAL_ascii_mbtowc
                0x000000000000421a       0x24 C:/Program Files/SEGGER/SEGGER Embedded Studio for ARM 4.52c/lib/libc_v7em_fpv4_sp_d16_hard_t_le_eabi.a(libc2.o)
                0x000000000000421a                __RAL_ascii_mbtowc
 *fill*         0x000000000000423e        0x2 
 .text.libc.__RAL_isctype
                0x0000000000004240       0x14 C:/Program Files/SEGGER/SEGGER Embedded Studio for ARM 4.52c/lib/libc_v7em_fpv4_sp_d16_hard_t_le_eabi.a(libc2.o)
                0x0000000000004240                __RAL_isctype
 .text.libc.isprint
                0x0000000000004254        0xa C:/Program Files/SEGGER/SEGGER Embedded Studio for ARM 4.52c/lib/libc_v7em_fpv4_sp_d16_hard_t_le_eabi.a(libc2.o)
                0x0000000000004254                isprint
 .text.libc.memcpy
                0x000000000000425e       0x52 C:/Program Files/SEGGER/SEGGER Embedded Studio for ARM 4.52c/lib/libc_v7em_fpv4_sp_d16_hard_t_le_eabi.a(libc2_asm.o)
                0x000000000000425e                __aeabi_memcpy
                0x000000000000425e                memcpy
                0x000000000000426a                __aeabi_memcpy8
                0x000000000000426a                __aeabi_memcpy4
 .text.libc.strcpy
                0x00000000000042b0       0x44 C:/Program Files/SEGGER/SEGGER Embedded Studio for ARM 4.52c/lib/libc_v7em_fpv4_sp_d16_hard_t_le_eabi.a(libc2_asm.o)
                0x00000000000042b0                strcpy
 .text.libc.strlen
                0x00000000000042f4       0x60 C:/Program Files/SEGGER/SEGGER Embedded Studio for ARM 4.52c/lib/libc_v7em_fpv4_sp_d16_hard_t_le_eabi.a(libc2_asm.o)
                0x00000000000042f4                strlen
                0x0000000000004354                __text_end__ = (__text_start__ + SIZEOF (.text))
                0x0000000000004034                __text_size__ = SIZEOF (.text)
                0x0000000000004354                __text_load_end__ = __text_end__

.vfp11_veneer   0x0000000100000000        0x0
 .vfp11_veneer  0x0000000100000000        0x0 linker stubs

.v4_bx          0x0000000100000000        0x0
 .v4_bx         0x0000000100000000        0x0 linker stubs

.iplt           0x0000000100000000        0x0
 .iplt          0x0000000100000000        0x0 Output/twi_sensor_pca10056 Debug/Obj/thumb_crt0.o
                0x0000000000000001                . = ASSERT (((__text_start__ == __text_end__) || ((__text_end__ - __FLASH_segment_start__) <= __FLASH_segment_size__)), error: .text is too large to fit in FLASH memory segment)
                0x0000000000004354                __log_const_data_load_start__ = ALIGN (__text_end__, 0x4)

.log_const_data
                0x0000000000004354       0x30
                0x0000000000004354                __log_const_data_start__ = .
                0x0000000000004354                __start_log_const_data = __log_const_data_start__
 *(SORT_BY_NAME(.log_const_data*))
 .log_const_data_PRS
                0x0000000000004354        0x8 Output/twi_sensor_pca10056 Debug/Obj/nrfx_prs.o
                0x0000000000004354                m_nrf_log_PRS_logs_data_const
 .log_const_data_TWIM
                0x000000000000435c        0x8 Output/twi_sensor_pca10056 Debug/Obj/nrfx_twim.o
                0x000000000000435c                m_nrf_log_TWIM_logs_data_const
 .log_const_data_UART
                0x0000000000004364        0x8 Output/twi_sensor_pca10056 Debug/Obj/nrfx_uart.o
                0x0000000000004364                m_nrf_log_UART_logs_data_const
 .log_const_data_UARTE
                0x000000000000436c        0x8 Output/twi_sensor_pca10056 Debug/Obj/nrfx_uarte.o
                0x000000000000436c                m_nrf_log_UARTE_logs_data_const
 .log_const_data_app
                0x0000000000004374        0x8 Output/twi_sensor_pca10056 Debug/Obj/nrf_log_frontend.o
                0x0000000000004374                m_nrf_log_app_logs_data_const
 .log_const_data_balloc_log_mempool
                0x000000000000437c        0x8 Output/twi_sensor_pca10056 Debug/Obj/nrf_log_frontend.o
                0x000000000000437c                m_nrf_log_balloc_log_mempool_logs_data_const
                0x0000000000004384                __log_const_data_end__ = (__log_const_data_start__ + SIZEOF (.log_const_data))
                0x0000000000000030                __log_const_data_size__ = SIZEOF (.log_const_data)
                0x0000000000004384                __stop_log_const_data = __log_const_data_end__
                0x0000000000004384                __log_const_data_load_end__ = __log_const_data_end__
                0x0000000000000001                . = ASSERT (((__log_const_data_start__ == __log_const_data_end__) || ((__log_const_data_end__ - __FLASH_segment_start__) <= __FLASH_segment_size__)), error: .log_const_data is too large to fit in FLASH memory segment)
                0x0000000000004384                __nrf_balloc_load_start__ = ALIGN (__log_const_data_end__, 0x4)

.nrf_balloc     0x0000000000004384       0x18
                0x0000000000004384                __nrf_balloc_start__ = .
                0x0000000000004384                __start_nrf_balloc = __nrf_balloc_start__
 *(.nrf_balloc*)
 .nrf_balloc    0x0000000000004384       0x18 Output/twi_sensor_pca10056 Debug/Obj/nrf_log_frontend.o
                0x0000000000004384                log_mempool
                0x000000000000439c                __nrf_balloc_end__ = (__nrf_balloc_start__ + SIZEOF (.nrf_balloc))
                0x0000000000000018                __nrf_balloc_size__ = SIZEOF (.nrf_balloc)
                0x000000000000439c                __stop_nrf_balloc = __nrf_balloc_end__
                0x000000000000439c                __nrf_balloc_load_end__ = __nrf_balloc_end__
                0x0000000000000001                . = ASSERT (((__nrf_balloc_start__ == __nrf_balloc_end__) || ((__nrf_balloc_end__ - __FLASH_segment_start__) <= __FLASH_segment_size__)), error: .nrf_balloc is too large to fit in FLASH memory segment)
                0x000000000000439c                __nrf_sections_load_start__ = ALIGN (__nrf_balloc_end__, 0x4)

.nrf_sections   0x000000000000439c        0x0
                0x000000000000439c                __nrf_sections_start__ = .
                0x000000000000439c                __start_nrf_sections = __nrf_sections_start__
 *(.nrf_sections .nrf_sections.*)
                0x000000000000439c                __nrf_sections_end__ = (__nrf_sections_start__ + SIZEOF (.nrf_sections))
                0x0000000000000000                __nrf_sections_size__ = SIZEOF (.nrf_sections)
                0x000000000000439c                __nrf_sections_load_end__ = __nrf_sections_end__
                0x0000000000000001                . = ASSERT (((__nrf_sections_start__ == __nrf_sections_end__) || ((__nrf_sections_end__ - __FLASH_segment_start__) <= __FLASH_segment_size__)), error: .nrf_sections is too large to fit in FLASH memory segment)
                0x000000000000439c                __log_dynamic_data_load_start__ = ALIGN (__nrf_sections_end__, 0x4)

.log_dynamic_data
                0x0000000020000000       0x18 load address 0x000000000000439c
                0x0000000020000000                __log_dynamic_data_start__ = .
 *(SORT_BY_NAME(.log_dynamic_data*))
 .log_dynamic_data_PRS
                0x0000000020000000        0x4 Output/twi_sensor_pca10056 Debug/Obj/nrfx_prs.o
                0x0000000020000000                m_nrf_log_PRS_logs_data_dynamic
 .log_dynamic_data_TWIM
                0x0000000020000004        0x4 Output/twi_sensor_pca10056 Debug/Obj/nrfx_twim.o
                0x0000000020000004                m_nrf_log_TWIM_logs_data_dynamic
 .log_dynamic_data_UART
                0x0000000020000008        0x4 Output/twi_sensor_pca10056 Debug/Obj/nrfx_uart.o
                0x0000000020000008                m_nrf_log_UART_logs_data_dynamic
 .log_dynamic_data_UARTE
                0x000000002000000c        0x4 Output/twi_sensor_pca10056 Debug/Obj/nrfx_uarte.o
                0x000000002000000c                m_nrf_log_UARTE_logs_data_dynamic
 .log_dynamic_data_app
                0x0000000020000010        0x4 Output/twi_sensor_pca10056 Debug/Obj/nrf_log_frontend.o
                0x0000000020000010                m_nrf_log_app_logs_data_dynamic
 .log_dynamic_data_balloc_log_mempool
                0x0000000020000014        0x4 Output/twi_sensor_pca10056 Debug/Obj/nrf_log_frontend.o
                0x0000000020000014                m_nrf_log_balloc_log_mempool_logs_data_dynamic
                0x0000000020000018                __log_dynamic_data_end__ = (__log_dynamic_data_start__ + SIZEOF (.log_dynamic_data))
                0x0000000000000018                __log_dynamic_data_size__ = SIZEOF (.log_dynamic_data)
                0x00000000000043b4                __log_dynamic_data_load_end__ = (__log_dynamic_data_load_start__ + SIZEOF (.log_dynamic_data))
                0x0000000000000001                . = ASSERT (((__log_dynamic_data_load_start__ == __log_dynamic_data_load_end__) || ((__log_dynamic_data_load_end__ - __FLASH_segment_start__) <= __FLASH_segment_size__)), error: .log_dynamic_data is too large to fit in FLASH memory segment)

.log_dynamic_data_run
                0x0000000020000000       0x18 load address 0x000000000000439c
                0x0000000020000000                __log_dynamic_data_run_start__ = .
                0x0000000020000000                __start_log_dynamic_data = __log_dynamic_data_run_start__
                0x0000000020000018                . = MAX ((__log_dynamic_data_run_start__ + SIZEOF (.log_dynamic_data)), .)
 *fill*         0x0000000020000000       0x18 
                0x0000000020000018                __log_dynamic_data_run_end__ = (__log_dynamic_data_run_start__ + SIZEOF (.log_dynamic_data_run))
                0x0000000000000018                __log_dynamic_data_run_size__ = SIZEOF (.log_dynamic_data_run)
                0x0000000020000018                __stop_log_dynamic_data = __log_dynamic_data_run_end__
                0x0000000020000018                __log_dynamic_data_run_load_end__ = __log_dynamic_data_run_end__
                0x0000000000000001                . = ASSERT (((__log_dynamic_data_run_start__ == __log_dynamic_data_run_end__) || ((__log_dynamic_data_run_end__ - __RAM_segment_start__) <= __RAM_segment_size__)), error: .log_dynamic_data_run is too large to fit in RAM memory segment)
                0x0000000020000018                __nrf_sections_run_end_load_start__ = ALIGN (__log_dynamic_data_run_end__, 0x4)

.nrf_sections_run_end
                0x0000000020000018        0x0
                0x0000000020000018                __nrf_sections_run_end_start__ = .
                0x0000000020000018                __end_nrf_sections_run = __nrf_sections_run_end_start__
 *(.nrf_sections_run_end .nrf_sections_run_end.*)
                0x0000000020000018                __nrf_sections_run_end_end__ = (__nrf_sections_run_end_start__ + SIZEOF (.nrf_sections_run_end))
                0x0000000000000000                __nrf_sections_run_end_size__ = SIZEOF (.nrf_sections_run_end)
                0x0000000020000018                __nrf_sections_run_end_load_end__ = __nrf_sections_run_end_end__
                0x0000000000000001                . = ASSERT (((__nrf_sections_run_end_start__ == __nrf_sections_run_end_end__) || ((__nrf_sections_run_end_end__ - __RAM_segment_start__) <= __RAM_segment_size__)), error: .nrf_sections_run_end is too large to fit in RAM memory segment)
                0x00000000000043b4                __dtors_load_start__ = ALIGN ((__log_dynamic_data_load_start__ + SIZEOF (.log_dynamic_data)), 0x4)

.dtors          0x00000000000043b4        0x0
                0x00000000000043b4                __dtors_start__ = .
 *(SORT_BY_NAME(.dtors.*))
 *(.dtors)
 *(.fini_array)
 *(SORT_BY_NAME(.fini_array.*))
                0x00000000000043b4                __dtors_end__ = (__dtors_start__ + SIZEOF (.dtors))
                0x0000000000000000                __dtors_size__ = SIZEOF (.dtors)
                0x00000000000043b4                __dtors_load_end__ = __dtors_end__
                0x0000000000000001                . = ASSERT (((__dtors_start__ == __dtors_end__) || ((__dtors_end__ - __FLASH_segment_start__) <= __FLASH_segment_size__)), error: .dtors is too large to fit in FLASH memory segment)
                0x00000000000043b4                __ctors_load_start__ = ALIGN (__dtors_end__, 0x4)

.ctors          0x00000000000043b4        0x0
                0x00000000000043b4                __ctors_start__ = .
 *(SORT_BY_NAME(.ctors.*))
 *(.ctors)
 *(.init_array)
 *(SORT_BY_NAME(.init_array.*))
                0x00000000000043b4                __ctors_end__ = (__ctors_start__ + SIZEOF (.ctors))
                0x0000000000000000                __ctors_size__ = SIZEOF (.ctors)
                0x00000000000043b4                __ctors_load_end__ = __ctors_end__
                0x0000000000000001                . = ASSERT (((__ctors_start__ == __ctors_end__) || ((__ctors_end__ - __FLASH_segment_start__) <= __FLASH_segment_size__)), error: .ctors is too large to fit in FLASH memory segment)
                0x00000000000043b4                __rodata_load_start__ = ALIGN (__ctors_end__, 0x4)

.rodata         0x00000000000043b4     0x102a
                0x00000000000043b4                __rodata_start__ = .
 *(.rodata .rodata.* .gnu.linkonce.r.*)
 .rodata.nrf_log_backend_rtt_api
                0x00000000000043b4        0xc Output/twi_sensor_pca10056 Debug/Obj/nrf_log_backend_rtt.o
                0x00000000000043b4                nrf_log_backend_rtt_api
 .rodata.delay_bytecode.8463
                0x00000000000043c0        0x6 Output/twi_sensor_pca10056 Debug/Obj/nrf_log_backend_rtt.o
 *fill*         0x00000000000043c6        0x2 
 .rodata        0x00000000000043c8       0x81 Output/twi_sensor_pca10056 Debug/Obj/nrf_log_default_backends.o
 *fill*         0x0000000000004449        0x3 
 .rodata        0x000000000000444c       0xa5 Output/twi_sensor_pca10056 Debug/Obj/nrf_log_frontend.o
 *fill*         0x00000000000044f1        0x3 
 .rodata        0x00000000000044f4       0xaa Output/twi_sensor_pca10056 Debug/Obj/nrf_log_str_formatter.o
 *fill*         0x000000000000459e        0x2 
 .rodata        0x00000000000045a0       0x70 Output/twi_sensor_pca10056 Debug/Obj/app_error_weak.o
 .rodata        0x0000000000004610       0x6a Output/twi_sensor_pca10056 Debug/Obj/app_util_platform.o
 *fill*         0x000000000000467a        0x2 
 .rodata        0x000000000000467c       0x65 Output/twi_sensor_pca10056 Debug/Obj/nrf_balloc.o
 *fill*         0x00000000000046e1        0x3 
 .rodata        0x00000000000046e4       0x5b Output/twi_sensor_pca10056 Debug/Obj/nrf_fprintf.o
 *fill*         0x000000000000473f        0x1 
 .rodata        0x0000000000004740       0x62 Output/twi_sensor_pca10056 Debug/Obj/nrf_fprintf_format.o
 *fill*         0x00000000000047a2        0x2 
 .rodata._aV2C.7793
                0x00000000000047a4       0x10 Output/twi_sensor_pca10056 Debug/Obj/nrf_fprintf_format.o
 .rodata        0x00000000000047b4       0x72 Output/twi_sensor_pca10056 Debug/Obj/nrf_memobj.o
 *fill*         0x0000000000004826        0x2 
 .rodata.m_unknown_str
                0x0000000000004828       0x13 Output/twi_sensor_pca10056 Debug/Obj/nrf_strerror.o
 *fill*         0x000000000000483b        0x1 
 .rodata        0x000000000000483c      0x3bd Output/twi_sensor_pca10056 Debug/Obj/nrf_strerror.o
 *fill*         0x0000000000004bf9        0x3 
 .rodata.nrf_strerror_array
                0x0000000000004bfc      0x118 Output/twi_sensor_pca10056 Debug/Obj/nrf_strerror.o
 .rodata        0x0000000000004d14       0x2e Output/twi_sensor_pca10056 Debug/Obj/nrf_drv_twi.o
 *fill*         0x0000000000004d42        0xe 
 .rodata.delay_bytecode.7860
                0x0000000000004d50        0x6 Output/twi_sensor_pca10056 Debug/Obj/nrf_drv_twi.o
 *fill*         0x0000000000004d56        0x2 
 .rodata        0x0000000000004d58       0x68 Output/twi_sensor_pca10056 Debug/Obj/nrfx_prs.o
 .rodata        0x0000000000004dc0       0xc9 Output/twi_sensor_pca10056 Debug/Obj/nrfx_twim.o
 *fill*         0x0000000000004e89        0x3 
 .rodata.irq_handlers.8719
                0x0000000000004e8c        0x4 Output/twi_sensor_pca10056 Debug/Obj/nrfx_twim.o
 .rodata        0x0000000000004e90       0xc9 Output/twi_sensor_pca10056 Debug/Obj/nrfx_uart.o
 *fill*         0x0000000000004f59        0x3 
 .rodata        0x0000000000004f5c       0xca Output/twi_sensor_pca10056 Debug/Obj/nrfx_uarte.o
 *fill*         0x0000000000005026        0x2 
 .rodata.m_twi  0x0000000000005028       0x10 Output/twi_sensor_pca10056 Debug/Obj/main.o
 .rodata        0x0000000000005038      0x13a Output/twi_sensor_pca10056 Debug/Obj/main.o
 *fill*         0x0000000000005172        0xe 
 .rodata.delay_bytecode.7860
                0x0000000000005180        0x6 Output/twi_sensor_pca10056 Debug/Obj/main.o
 *fill*         0x0000000000005186        0x2 
 .rodata        0x0000000000005188       0x17 Output/twi_sensor_pca10056 Debug/Obj/SEGGER_RTT.o
 *fill*         0x000000000000519f        0x1 
 .rodata.libc.__RAL_find_locale.str1.4
                0x00000000000051a0        0xa C:/Program Files/SEGGER/SEGGER Embedded Studio for ARM 4.52c/lib/libc_v7em_fpv4_sp_d16_hard_t_le_eabi.a(libc2.o)
 *fill*         0x00000000000051aa        0x2 
 .rodata.libc.__RAL_ascii_ctype_map
                0x00000000000051ac       0x80 C:/Program Files/SEGGER/SEGGER Embedded Studio for ARM 4.52c/lib/libc_v7em_fpv4_sp_d16_hard_t_le_eabi.a(libc2.o)
                0x00000000000051ac                __RAL_ascii_ctype_map
 .rodata.libc.__RAL_ascii_ctype_mask
                0x000000000000522c        0xd C:/Program Files/SEGGER/SEGGER Embedded Studio for ARM 4.52c/lib/libc_v7em_fpv4_sp_d16_hard_t_le_eabi.a(libc2.o)
 *fill*         0x0000000000005239        0x3 
 .rodata.libc.__RAL_c_locale
                0x000000000000523c        0xc C:/Program Files/SEGGER/SEGGER Embedded Studio for ARM 4.52c/lib/libc_v7em_fpv4_sp_d16_hard_t_le_eabi.a(libc2.o)
                0x000000000000523c                __RAL_c_locale
 .rodata.libc.__RAL_c_locale_abbrev_day_names
                0x0000000000005248       0x1d C:/Program Files/SEGGER/SEGGER Embedded Studio for ARM 4.52c/lib/libc_v7em_fpv4_sp_d16_hard_t_le_eabi.a(libc2.o)
                0x0000000000005248                __RAL_c_locale_abbrev_day_names
 *fill*         0x0000000000005265        0x3 
 .rodata.libc.__RAL_c_locale_abbrev_month_names
                0x0000000000005268       0x31 C:/Program Files/SEGGER/SEGGER Embedded Studio for ARM 4.52c/lib/libc_v7em_fpv4_sp_d16_hard_t_le_eabi.a(libc2.o)
                0x0000000000005268                __RAL_c_locale_abbrev_month_names
 *fill*         0x0000000000005299        0x3 
 .rodata.libc.__RAL_c_locale_am_pm_indicator
                0x000000000000529c        0x7 C:/Program Files/SEGGER/SEGGER Embedded Studio for ARM 4.52c/lib/libc_v7em_fpv4_sp_d16_hard_t_le_eabi.a(libc2.o)
                0x000000000000529c                __RAL_c_locale_am_pm_indicator
 *fill*         0x00000000000052a3        0x1 
 .rodata.libc.__RAL_c_locale_data
                0x00000000000052a4       0x58 C:/Program Files/SEGGER/SEGGER Embedded Studio for ARM 4.52c/lib/libc_v7em_fpv4_sp_d16_hard_t_le_eabi.a(libc2.o)
                0x00000000000052a4                __RAL_c_locale_data
 .rodata.libc.__RAL_c_locale_date_format
                0x00000000000052fc        0x9 C:/Program Files/SEGGER/SEGGER Embedded Studio for ARM 4.52c/lib/libc_v7em_fpv4_sp_d16_hard_t_le_eabi.a(libc2.o)
                0x00000000000052fc                __RAL_c_locale_date_format
 *fill*         0x0000000000005305        0x3 
 .rodata.libc.__RAL_c_locale_date_time_format
                0x0000000000005308        0xf C:/Program Files/SEGGER/SEGGER Embedded Studio for ARM 4.52c/lib/libc_v7em_fpv4_sp_d16_hard_t_le_eabi.a(libc2.o)
                0x0000000000005308                __RAL_c_locale_date_time_format
 *fill*         0x0000000000005317        0x1 
 .rodata.libc.__RAL_c_locale_day_names
                0x0000000000005318       0x3a C:/Program Files/SEGGER/SEGGER Embedded Studio for ARM 4.52c/lib/libc_v7em_fpv4_sp_d16_hard_t_le_eabi.a(libc2.o)
                0x0000000000005318                __RAL_c_locale_day_names
 *fill*         0x0000000000005352        0x2 
 .rodata.libc.__RAL_c_locale_month_names
                0x0000000000005354       0x57 C:/Program Files/SEGGER/SEGGER Embedded Studio for ARM 4.52c/lib/libc_v7em_fpv4_sp_d16_hard_t_le_eabi.a(libc2.o)
                0x0000000000005354                __RAL_c_locale_month_names
 *fill*         0x00000000000053ab        0x1 
 .rodata.libc.__RAL_c_locale_time_format
                0x00000000000053ac        0x9 C:/Program Files/SEGGER/SEGGER Embedded Studio for ARM 4.52c/lib/libc_v7em_fpv4_sp_d16_hard_t_le_eabi.a(libc2.o)
                0x00000000000053ac                __RAL_c_locale_time_format
 *fill*         0x00000000000053b5        0x3 
 .rodata.libc.__RAL_codeset_ascii
                0x00000000000053b8       0x20 C:/Program Files/SEGGER/SEGGER Embedded Studio for ARM 4.52c/lib/libc_v7em_fpv4_sp_d16_hard_t_le_eabi.a(libc2.o)
                0x00000000000053b8                __RAL_codeset_ascii
 .rodata.libc.__RAL_data_empty_string
                0x00000000000053d8        0x1 C:/Program Files/SEGGER/SEGGER Embedded Studio for ARM 4.52c/lib/libc_v7em_fpv4_sp_d16_hard_t_le_eabi.a(libc2.o)
                0x00000000000053d8                __RAL_data_empty_string
 *fill*         0x00000000000053d9        0x3 
 .rodata.libc.__RAL_data_utf8_period
                0x00000000000053dc        0x2 C:/Program Files/SEGGER/SEGGER Embedded Studio for ARM 4.52c/lib/libc_v7em_fpv4_sp_d16_hard_t_le_eabi.a(libc2.o)
                0x00000000000053dc                __RAL_data_utf8_period
                0x00000000000053de                __rodata_end__ = (__rodata_start__ + SIZEOF (.rodata))
                0x000000000000102a                __rodata_size__ = SIZEOF (.rodata)
                0x00000000000053de                __rodata_load_end__ = __rodata_end__

.rel.dyn        0x00000000000053e0        0x0
 .rel.iplt      0x00000000000053e0        0x0 Output/twi_sensor_pca10056 Debug/Obj/thumb_crt0.o
                0x0000000000000001                . = ASSERT (((__rodata_start__ == __rodata_end__) || ((__rodata_end__ - __FLASH_segment_start__) <= __FLASH_segment_size__)), error: .rodata is too large to fit in FLASH memory segment)
                0x00000000000053e0                __ARM.exidx_load_start__ = ALIGN (__rodata_end__, 0x4)

.ARM.exidx      0x00000000000053e0        0x0
                0x00000000000053e0                __ARM.exidx_start__ = .
                0x00000000000053e0                __exidx_start = __ARM.exidx_start__
 *(.ARM.exidx .ARM.exidx.*)
                0x00000000000053e0                __ARM.exidx_end__ = (__ARM.exidx_start__ + SIZEOF (.ARM.exidx))
                0x0000000000000000                __ARM.exidx_size__ = SIZEOF (.ARM.exidx)
                0x00000000000053e0                __exidx_end = __ARM.exidx_end__
                0x00000000000053e0                __ARM.exidx_load_end__ = __ARM.exidx_end__
                0x0000000000000001                . = ASSERT (((__ARM.exidx_start__ == __ARM.exidx_end__) || ((__ARM.exidx_end__ - __FLASH_segment_start__) <= __FLASH_segment_size__)), error: .ARM.exidx is too large to fit in FLASH memory segment)
                0x00000000000053e0                __fast_load_start__ = ALIGN (__ARM.exidx_end__, 0x4)

.fast           0x0000000020000018        0x0 load address 0x00000000000053e0
                0x0000000020000018                __fast_start__ = .
 *(.fast .fast.*)
                0x0000000020000018                __fast_end__ = (__fast_start__ + SIZEOF (.fast))
                0x0000000000000000                __fast_size__ = SIZEOF (.fast)
                0x00000000000053e0                __fast_load_end__ = (__fast_load_start__ + SIZEOF (.fast))
                0x0000000000000001                . = ASSERT (((__fast_load_start__ == __fast_load_end__) || ((__fast_load_end__ - __FLASH_segment_start__) <= __FLASH_segment_size__)), error: .fast is too large to fit in FLASH memory segment)

.fast_run       0x0000000020000018        0x0
                0x0000000020000018                __fast_run_start__ = .
                0x0000000020000018                . = MAX ((__fast_run_start__ + SIZEOF (.fast)), .)
                0x0000000020000018                __fast_run_end__ = (__fast_run_start__ + SIZEOF (.fast_run))
                0x0000000000000000                __fast_run_size__ = SIZEOF (.fast_run)
                0x0000000020000018                __fast_run_load_end__ = __fast_run_end__
                0x0000000000000001                . = ASSERT (((__fast_run_start__ == __fast_run_end__) || ((__fast_run_end__ - __RAM_segment_start__) <= __RAM_segment_size__)), error: .fast_run is too large to fit in RAM memory segment)
                0x00000000000053e0                __data_load_start__ = ALIGN ((__fast_load_start__ + SIZEOF (.fast)), 0x4)

.data           0x0000000020000018       0x5c load address 0x00000000000053e0
                0x0000000020000018                __data_start__ = .
 *(.data .data.* .gnu.linkonce.d.*)
 .data.rtt_log_backend
                0x0000000020000018        0xc Output/twi_sensor_pca10056 Debug/Obj/nrf_log_default_backends.o
 .data.severity_names
                0x0000000020000024       0x14 Output/twi_sensor_pca10056 Debug/Obj/nrf_log_str_formatter.o
 .data.m_colors
                0x0000000020000038       0x24 Output/twi_sensor_pca10056 Debug/Obj/nrf_log_str_formatter.o
 .data.SystemCoreClock
                0x000000002000005c        0x4 Output/twi_sensor_pca10056 Debug/Obj/system_nrf52840.o
                0x000000002000005c                SystemCoreClock
 .data.libc.__RAL_global_locale
                0x0000000020000060       0x14 C:/Program Files/SEGGER/SEGGER Embedded Studio for ARM 4.52c/lib/libc_v7em_fpv4_sp_d16_hard_t_le_eabi.a(libc2.o)
                0x0000000020000060                __RAL_global_locale
                0x0000000020000074                __data_end__ = (__data_start__ + SIZEOF (.data))
                0x000000000000005c                __data_size__ = SIZEOF (.data)
                0x000000000000543c                __data_load_end__ = (__data_load_start__ + SIZEOF (.data))

.igot.plt       0x0000000100000000        0x0
 .igot.plt      0x0000000100000000        0x0 Output/twi_sensor_pca10056 Debug/Obj/thumb_crt0.o
                0x0000000000000001                . = ASSERT (((__data_load_start__ == __data_load_end__) || ((__data_load_end__ - __FLASH_segment_start__) <= __FLASH_segment_size__)), error: .data is too large to fit in FLASH memory segment)

.data_run       0x0000000020000018       0x5c load address 0x00000000000053e0
                0x0000000020000018                __data_run_start__ = .
                0x0000000020000074                . = MAX ((__data_run_start__ + SIZEOF (.data)), .)
 *fill*         0x0000000020000018       0x5c 
                0x0000000020000074                __data_run_end__ = (__data_run_start__ + SIZEOF (.data_run))
                0x000000000000005c                __data_run_size__ = SIZEOF (.data_run)
                0x0000000020000074                __data_run_load_end__ = __data_run_end__
                0x0000000000000001                . = ASSERT (((__data_run_start__ == __data_run_end__) || ((__data_run_end__ - __RAM_segment_start__) <= __RAM_segment_size__)), error: .data_run is too large to fit in RAM memory segment)
                0x000000000000543c                __tdata_load_start__ = ALIGN ((__data_load_start__ + SIZEOF (.data)), 0x4)

.tdata          0x0000000020000074        0x0 load address 0x000000000000543c
                0x0000000020000074                __tdata_start__ = .
 *(.tdata .tdata.*)
                0x0000000020000074                __tdata_end__ = (__tdata_start__ + SIZEOF (.tdata))
                0x0000000000000000                __tdata_size__ = SIZEOF (.tdata)
                0x000000000000543c                __tdata_load_end__ = (__tdata_load_start__ + SIZEOF (.tdata))
                0x000000000000543c                __FLASH_segment_used_end__ = (ALIGN ((__data_load_start__ + SIZEOF (.data)), 0x4) + SIZEOF (.tdata))
                0x000000000000543c                __FLASH_segment_used_size__ = (__FLASH_segment_used_end__ - __FLASH_segment_start__)
                0x0000000000000001                . = ASSERT (((__tdata_load_start__ == __tdata_load_end__) || ((__tdata_load_end__ - __FLASH_segment_start__) <= __FLASH_segment_size__)), error: .tdata is too large to fit in FLASH memory segment)

.tdata_run      0x0000000020000074        0x0
                0x0000000020000074                __tdata_run_start__ = .
                0x0000000020000074                . = MAX ((__tdata_run_start__ + SIZEOF (.tdata)), .)
                0x0000000020000074                __tdata_run_end__ = (__tdata_run_start__ + SIZEOF (.tdata_run))
                0x0000000000000000                __tdata_run_size__ = SIZEOF (.tdata_run)
                0x0000000020000074                __tdata_run_load_end__ = __tdata_run_end__
                0x0000000000000001                . = ASSERT (((__tdata_run_start__ == __tdata_run_end__) || ((__tdata_run_end__ - __RAM_segment_start__) <= __RAM_segment_size__)), error: .tdata_run is too large to fit in RAM memory segment)
                0x0000000020000074                __bss_load_start__ = ALIGN (__tdata_run_end__, 0x4)

.bss            0x0000000020000074      0x83c
                0x0000000020000074                __bss_start__ = .
 *(.bss .bss.* .gnu.linkonce.b.*)
 .bss.m_host_present
                0x0000000020000074        0x1 Output/twi_sensor_pca10056 Debug/Obj/nrf_log_backend_rtt.o
 *fill*         0x0000000020000075        0x3 
 .bss.m_string_buff
                0x0000000020000078       0x40 Output/twi_sensor_pca10056 Debug/Obj/nrf_log_backend_rtt.o
 .bss.log_mempool_nrf_balloc_pool_stack
                0x00000000200000b8        0x8 Output/twi_sensor_pca10056 Debug/Obj/nrf_log_frontend.o
 .bss.log_mempool_nrf_balloc_pool_mem
                0x00000000200000c0       0xc0 Output/twi_sensor_pca10056 Debug/Obj/nrf_log_frontend.o
 .bss.log_mempool_nrf_balloc_cb
                0x0000000020000180        0x8 Output/twi_sensor_pca10056 Debug/Obj/nrf_log_frontend.o
 .bss.m_log_data
                0x0000000020000188      0x424 Output/twi_sensor_pca10056 Debug/Obj/nrf_log_frontend.o
 .bss.m_error_data.7718
                0x00000000200005ac       0x20 Output/twi_sensor_pca10056 Debug/Obj/app_error.o
 .bss.m_in_critical_region
                0x00000000200005cc        0x4 Output/twi_sensor_pca10056 Debug/Obj/app_util_platform.o
 .bss.m_handlers
                0x00000000200005d0        0x8 Output/twi_sensor_pca10056 Debug/Obj/nrf_drv_twi.o
 .bss.m_contexts
                0x00000000200005d8        0x8 Output/twi_sensor_pca10056 Debug/Obj/nrf_drv_twi.o
 .bss.m_prs_box_4
                0x00000000200005e0        0x8 Output/twi_sensor_pca10056 Debug/Obj/nrfx_prs.o
 .bss.m_cb      0x00000000200005e8       0x34 Output/twi_sensor_pca10056 Debug/Obj/nrfx_twim.o
 .bss.m_xfer_done
                0x000000002000061c        0x1 Output/twi_sensor_pca10056 Debug/Obj/main.o
 *fill*         0x000000002000061d        0x3 
 .bss.m_sample  0x0000000020000620        0x6 Output/twi_sensor_pca10056 Debug/Obj/main.o
 *fill*         0x0000000020000626        0x2 
 .bss._SEGGER_RTT
                0x0000000020000628       0x78 Output/twi_sensor_pca10056 Debug/Obj/SEGGER_RTT.o
                0x0000000020000628                _SEGGER_RTT
 .bss._acUpBuffer
                0x00000000200006a0      0x200 Output/twi_sensor_pca10056 Debug/Obj/SEGGER_RTT.o
 .bss._acDownBuffer
                0x00000000200008a0       0x10 Output/twi_sensor_pca10056 Debug/Obj/SEGGER_RTT.o
 *(COMMON)
                0x00000000200008b0                __bss_end__ = (__bss_start__ + SIZEOF (.bss))
                0x000000000000083c                __bss_size__ = SIZEOF (.bss)
                0x00000000200008b0                __bss_load_end__ = __bss_end__
                0x0000000000000001                . = ASSERT (((__bss_start__ == __bss_end__) || ((__bss_end__ - __RAM_segment_start__) <= __RAM_segment_size__)), error: .bss is too large to fit in RAM memory segment)
                0x00000000200008b0                __tbss_load_start__ = ALIGN (__bss_end__, 0x4)

.tbss           0x00000000200008b0        0x0
                0x00000000200008b0                __tbss_start__ = .
 *(.tbss .tbss.*)
                0x00000000200008b0                __tbss_end__ = (__tbss_start__ + SIZEOF (.tbss))
                0x0000000000000000                __tbss_size__ = SIZEOF (.tbss)
                0x00000000200008b0                __tbss_load_end__ = __tbss_end__
                0x0000000000000001                . = ASSERT (((__tbss_start__ == __tbss_end__) || ((__tbss_end__ - __RAM_segment_start__) <= __RAM_segment_size__)), error: .tbss is too large to fit in RAM memory segment)
                0x00000000200008b0                __non_init_load_start__ = ALIGN (__tbss_end__, 0x4)

.non_init       0x00000000200008b0        0x0
                0x00000000200008b0                __non_init_start__ = .
 *(.non_init .non_init.*)
                0x00000000200008b0                __non_init_end__ = (__non_init_start__ + SIZEOF (.non_init))
                0x0000000000000000                __non_init_size__ = SIZEOF (.non_init)
                0x00000000200008b0                __non_init_load_end__ = __non_init_end__
                0x0000000000000001                . = ASSERT (((__non_init_start__ == __non_init_end__) || ((__non_init_end__ - __RAM_segment_start__) <= __RAM_segment_size__)), error: .non_init is too large to fit in RAM memory segment)
                0x00000000200008b0                __heap_load_start__ = ALIGN (__non_init_end__, 0x4)

.heap           0x00000000200008b0     0x2000
                0x00000000200008b0                __heap_start__ = .
 *(.heap .heap.*)
                0x00000000200028b0                . = ALIGN (MAX ((__heap_start__ + __HEAPSIZE__), .), 0x4)
 *fill*         0x00000000200008b0     0x2000 
                0x00000000200028b0                __heap_end__ = (__heap_start__ + SIZEOF (.heap))
                0x0000000000002000                __heap_size__ = SIZEOF (.heap)
                0x00000000200028b0                __heap_load_end__ = __heap_end__
                0x0000000000000001                . = ASSERT (((__heap_start__ == __heap_end__) || ((__heap_end__ - __RAM_segment_start__) <= __RAM_segment_size__)), error: .heap is too large to fit in RAM memory segment)
                0x000000002003e000                __stack_load_start__ = (__RAM_segment_start__ + (__RAM_segment_size__ - 0x2000))

.stack          0x000000002003e000     0x2000
                0x000000002003e000                __stack_start__ = .
                0x000000002003e000                __StackLimit = __stack_start__
 *(.stack .stack.*)
                0x0000000020040000                . = ALIGN (MAX ((__stack_start__ + __STACKSIZE__), .), 0x8)
 *fill*         0x000000002003e000     0x2000 
                0x0000000020040000                __stack_end__ = (__stack_start__ + SIZEOF (.stack))
                0x0000000000002000                __stack_size__ = SIZEOF (.stack)
                0x0000000020040000                __StackTop = __stack_end__
                0x0000000020040000                __stack_load_end__ = __stack_end__
                0x0000000000000001                . = ASSERT (((__stack_start__ == __stack_end__) || ((__stack_end__ - __RAM_segment_start__) <= __RAM_segment_size__)), error: .stack is too large to fit in RAM memory segment)
                0x0000000000000001                . = ASSERT ((__heap_end__ <= __stack_start__), error: section .heap overlaps absolute placed section .stack)
                0x0000000020040000                __stack_process_load_start__ = ALIGN (__stack_end__, 0x8)

.stack_process  0x0000000020040000        0x0
                0x0000000020040000                __stack_process_start__ = .
 *(.stack_process .stack_process.*)
                0x0000000020040000                . = ALIGN (MAX ((__stack_process_start__ + __STACKSIZE_PROCESS__), .), 0x8)
                0x0000000020040000                __stack_process_end__ = (__stack_process_start__ + SIZEOF (.stack_process))
                0x0000000000000000                __stack_process_size__ = SIZEOF (.stack_process)
                0x0000000020040000                __stack_process_load_end__ = __stack_process_end__
                0x0000000020040000                __RAM_segment_used_end__ = (ALIGN (__stack_end__, 0x8) + SIZEOF (.stack_process))
                0x0000000000040000                __RAM_segment_used_size__ = (__RAM_segment_used_end__ - __RAM_segment_start__)
                0x0000000000000001                . = ASSERT (((__stack_process_start__ == __stack_process_end__) || ((__stack_process_end__ - __RAM_segment_start__) <= __RAM_segment_size__)), error: .stack_process is too large to fit in RAM memory segment)
START GROUP
LOAD Output/twi_sensor_pca10056 Debug/Obj/thumb_crt0.o
LOAD Output/twi_sensor_pca10056 Debug/Obj/nrf_log_backend_rtt.o
LOAD Output/twi_sensor_pca10056 Debug/Obj/nrf_log_backend_serial.o
LOAD Output/twi_sensor_pca10056 Debug/Obj/nrf_log_backend_uart.o
LOAD Output/twi_sensor_pca10056 Debug/Obj/nrf_log_default_backends.o
LOAD Output/twi_sensor_pca10056 Debug/Obj/nrf_log_frontend.o
LOAD Output/twi_sensor_pca10056 Debug/Obj/nrf_log_str_formatter.o
LOAD Output/twi_sensor_pca10056 Debug/Obj/boards.o
LOAD Output/twi_sensor_pca10056 Debug/Obj/app_error.o
LOAD Output/twi_sensor_pca10056 Debug/Obj/app_error_handler_gcc.o
LOAD Output/twi_sensor_pca10056 Debug/Obj/app_error_weak.o
LOAD Output/twi_sensor_pca10056 Debug/Obj/app_util_platform.o
LOAD Output/twi_sensor_pca10056 Debug/Obj/nrf_assert.o
LOAD Output/twi_sensor_pca10056 Debug/Obj/nrf_atomic.o
LOAD Output/twi_sensor_pca10056 Debug/Obj/nrf_balloc.o
LOAD Output/twi_sensor_pca10056 Debug/Obj/nrf_fprintf.o
LOAD Output/twi_sensor_pca10056 Debug/Obj/nrf_fprintf_format.o
LOAD Output/twi_sensor_pca10056 Debug/Obj/nrf_memobj.o
LOAD Output/twi_sensor_pca10056 Debug/Obj/nrf_strerror.o
LOAD Output/twi_sensor_pca10056 Debug/Obj/nrf_drv_twi.o
LOAD Output/twi_sensor_pca10056 Debug/Obj/nrf_drv_uart.o
LOAD Output/twi_sensor_pca10056 Debug/Obj/nrfx_prs.o
LOAD Output/twi_sensor_pca10056 Debug/Obj/nrfx_twi.o
LOAD Output/twi_sensor_pca10056 Debug/Obj/nrfx_twim.o
LOAD Output/twi_sensor_pca10056 Debug/Obj/nrfx_uart.o
LOAD Output/twi_sensor_pca10056 Debug/Obj/nrfx_uarte.o
LOAD Output/twi_sensor_pca10056 Debug/Obj/main.o
LOAD Output/twi_sensor_pca10056 Debug/Obj/SEGGER_RTT.o
LOAD Output/twi_sensor_pca10056 Debug/Obj/SEGGER_RTT_Syscalls_SES.o
LOAD Output/twi_sensor_pca10056 Debug/Obj/SEGGER_RTT_printf.o
LOAD Output/twi_sensor_pca10056 Debug/Obj/ses_nRF_Startup.o
LOAD Output/twi_sensor_pca10056 Debug/Obj/ses_nrf52840_Vectors.o
LOAD Output/twi_sensor_pca10056 Debug/Obj/system_nrf52840.o
LOAD C:/Program Files/SEGGER/SEGGER Embedded Studio for ARM 4.52c/lib/libdebugio_mempoll_v7em_fpv4_sp_d16_hard_t_le_eabi.a
LOAD C:/Program Files/SEGGER/SEGGER Embedded Studio for ARM 4.52c/lib/libm_v7em_fpv4_sp_d16_hard_t_le_eabi.a
LOAD C:/Program Files/SEGGER/SEGGER Embedded Studio for ARM 4.52c/lib/libc_v7em_fpv4_sp_d16_hard_t_le_eabi.a
LOAD C:/Program Files/SEGGER/SEGGER Embedded Studio for ARM 4.52c/lib/libcpp_v7em_fpv4_sp_d16_hard_t_le_eabi.a
LOAD C:/Program Files/SEGGER/SEGGER Embedded Studio for ARM 4.52c/lib/libdebugio_v7em_fpv4_sp_d16_hard_t_le_eabi.a
LOAD C:/Program Files/SEGGER/SEGGER Embedded Studio for ARM 4.52c/lib/libvfprintf_v7em_fpv4_sp_d16_hard_t_le_eabi.o
LOAD C:/Program Files/SEGGER/SEGGER Embedded Studio for ARM 4.52c/lib/libvfscanf_v7em_fpv4_sp_d16_hard_t_le_eabi.o
END GROUP
OUTPUT(Output/Debug/Exe/twi_sensor_pca10056.elf elf32-littlearm)

.ARM.attributes
                0x0000000000000000       0x35
 .ARM.attributes
                0x0000000000000000       0x25 Output/twi_sensor_pca10056 Debug/Obj/thumb_crt0.o
 .ARM.attributes
                0x0000000000000025       0x39 Output/twi_sensor_pca10056 Debug/Obj/nrf_log_backend_rtt.o
 .ARM.attributes
                0x000000000000005e       0x39 Output/twi_sensor_pca10056 Debug/Obj/nrf_log_backend_serial.o
 .ARM.attributes
                0x0000000000000097       0x39 Output/twi_sensor_pca10056 Debug/Obj/nrf_log_default_backends.o
 .ARM.attributes
                0x00000000000000d0       0x39 Output/twi_sensor_pca10056 Debug/Obj/nrf_log_frontend.o
 .ARM.attributes
                0x0000000000000109       0x39 Output/twi_sensor_pca10056 Debug/Obj/nrf_log_str_formatter.o
 .ARM.attributes
                0x0000000000000142       0x39 Output/twi_sensor_pca10056 Debug/Obj/app_error.o
 .ARM.attributes
                0x000000000000017b       0x39 Output/twi_sensor_pca10056 Debug/Obj/app_error_handler_gcc.o
 .ARM.attributes
                0x00000000000001b4       0x39 Output/twi_sensor_pca10056 Debug/Obj/app_error_weak.o
 .ARM.attributes
                0x00000000000001ed       0x39 Output/twi_sensor_pca10056 Debug/Obj/app_util_platform.o
 .ARM.attributes
                0x0000000000000226       0x39 Output/twi_sensor_pca10056 Debug/Obj/nrf_assert.o
 .ARM.attributes
                0x000000000000025f       0x39 Output/twi_sensor_pca10056 Debug/Obj/nrf_atomic.o
 .ARM.attributes
                0x0000000000000298       0x39 Output/twi_sensor_pca10056 Debug/Obj/nrf_balloc.o
 .ARM.attributes
                0x00000000000002d1       0x39 Output/twi_sensor_pca10056 Debug/Obj/nrf_fprintf.o
 .ARM.attributes
                0x000000000000030a       0x39 Output/twi_sensor_pca10056 Debug/Obj/nrf_fprintf_format.o
 .ARM.attributes
                0x0000000000000343       0x39 Output/twi_sensor_pca10056 Debug/Obj/nrf_memobj.o
 .ARM.attributes
                0x000000000000037c       0x39 Output/twi_sensor_pca10056 Debug/Obj/nrf_strerror.o
 .ARM.attributes
                0x00000000000003b5       0x39 Output/twi_sensor_pca10056 Debug/Obj/nrf_drv_twi.o
 .ARM.attributes
                0x00000000000003ee       0x39 Output/twi_sensor_pca10056 Debug/Obj/nrfx_prs.o
 .ARM.attributes
                0x0000000000000427       0x39 Output/twi_sensor_pca10056 Debug/Obj/nrfx_twim.o
 .ARM.attributes
                0x0000000000000460       0x39 Output/twi_sensor_pca10056 Debug/Obj/nrfx_uart.o
 .ARM.attributes
                0x0000000000000499       0x39 Output/twi_sensor_pca10056 Debug/Obj/nrfx_uarte.o
 .ARM.attributes
                0x00000000000004d2       0x39 Output/twi_sensor_pca10056 Debug/Obj/main.o
 .ARM.attributes
                0x000000000000050b       0x39 Output/twi_sensor_pca10056 Debug/Obj/SEGGER_RTT.o
 .ARM.attributes
                0x0000000000000544       0x25 Output/twi_sensor_pca10056 Debug/Obj/ses_nRF_Startup.o
 .ARM.attributes
                0x0000000000000569       0x25 Output/twi_sensor_pca10056 Debug/Obj/ses_nrf52840_Vectors.o
 .ARM.attributes
                0x000000000000058e       0x39 Output/twi_sensor_pca10056 Debug/Obj/system_nrf52840.o
 .ARM.attributes
                0x00000000000005c7       0x34 C:/Program Files/SEGGER/SEGGER Embedded Studio for ARM 4.52c/lib/libc_v7em_fpv4_sp_d16_hard_t_le_eabi.a(libc2.o)
 .ARM.attributes
                0x00000000000005fb       0x20 C:/Program Files/SEGGER/SEGGER Embedded Studio for ARM 4.52c/lib/libc_v7em_fpv4_sp_d16_hard_t_le_eabi.a(libc2_asm.o)

.comment        0x0000000000000000       0x47
 .comment       0x0000000000000000       0x47 Output/twi_sensor_pca10056 Debug/Obj/nrf_log_backend_rtt.o
                                         0x48 (size before relaxing)
 .comment       0x0000000000000047       0x48 Output/twi_sensor_pca10056 Debug/Obj/nrf_log_backend_serial.o
 .comment       0x0000000000000047       0x48 Output/twi_sensor_pca10056 Debug/Obj/nrf_log_default_backends.o
 .comment       0x0000000000000047       0x48 Output/twi_sensor_pca10056 Debug/Obj/nrf_log_frontend.o
 .comment       0x0000000000000047       0x48 Output/twi_sensor_pca10056 Debug/Obj/nrf_log_str_formatter.o
 .comment       0x0000000000000047       0x48 Output/twi_sensor_pca10056 Debug/Obj/app_error.o
 .comment       0x0000000000000047       0x48 Output/twi_sensor_pca10056 Debug/Obj/app_error_handler_gcc.o
 .comment       0x0000000000000047       0x48 Output/twi_sensor_pca10056 Debug/Obj/app_error_weak.o
 .comment       0x0000000000000047       0x48 Output/twi_sensor_pca10056 Debug/Obj/app_util_platform.o
 .comment       0x0000000000000047       0x48 Output/twi_sensor_pca10056 Debug/Obj/nrf_assert.o
 .comment       0x0000000000000047       0x48 Output/twi_sensor_pca10056 Debug/Obj/nrf_atomic.o
 .comment       0x0000000000000047       0x48 Output/twi_sensor_pca10056 Debug/Obj/nrf_balloc.o
 .comment       0x0000000000000047       0x48 Output/twi_sensor_pca10056 Debug/Obj/nrf_fprintf.o
 .comment       0x0000000000000047       0x48 Output/twi_sensor_pca10056 Debug/Obj/nrf_fprintf_format.o
 .comment       0x0000000000000047       0x48 Output/twi_sensor_pca10056 Debug/Obj/nrf_memobj.o
 .comment       0x0000000000000047       0x48 Output/twi_sensor_pca10056 Debug/Obj/nrf_strerror.o
 .comment       0x0000000000000047       0x48 Output/twi_sensor_pca10056 Debug/Obj/nrf_drv_twi.o
 .comment       0x0000000000000047       0x48 Output/twi_sensor_pca10056 Debug/Obj/nrfx_prs.o
 .comment       0x0000000000000047       0x48 Output/twi_sensor_pca10056 Debug/Obj/nrfx_twim.o
 .comment       0x0000000000000047       0x48 Output/twi_sensor_pca10056 Debug/Obj/nrfx_uart.o
 .comment       0x0000000000000047       0x48 Output/twi_sensor_pca10056 Debug/Obj/nrfx_uarte.o
 .comment       0x0000000000000047       0x48 Output/twi_sensor_pca10056 Debug/Obj/main.o
 .comment       0x0000000000000047       0x48 Output/twi_sensor_pca10056 Debug/Obj/SEGGER_RTT.o
 .comment       0x0000000000000047       0x48 Output/twi_sensor_pca10056 Debug/Obj/system_nrf52840.o
 .comment       0x0000000000000047       0x48 C:/Program Files/SEGGER/SEGGER Embedded Studio for ARM 4.52c/lib/libc_v7em_fpv4_sp_d16_hard_t_le_eabi.a(libc2.o)

.debug_line     0x0000000000000000     0xc792
 .debug_line    0x0000000000000000      0x1fe Output/twi_sensor_pca10056 Debug/Obj/thumb_crt0.o
 .debug_line    0x00000000000001fe      0x923 Output/twi_sensor_pca10056 Debug/Obj/nrf_log_backend_rtt.o
 .debug_line    0x0000000000000b21      0x687 Output/twi_sensor_pca10056 Debug/Obj/nrf_log_backend_serial.o
 .debug_line    0x00000000000011a8      0x5fc Output/twi_sensor_pca10056 Debug/Obj/nrf_log_default_backends.o
 .debug_line    0x00000000000017a4     0x1119 Output/twi_sensor_pca10056 Debug/Obj/nrf_log_frontend.o
 .debug_line    0x00000000000028bd      0x7a1 Output/twi_sensor_pca10056 Debug/Obj/nrf_log_str_formatter.o
 .debug_line    0x000000000000305e      0x368 Output/twi_sensor_pca10056 Debug/Obj/app_error.o
 .debug_line    0x00000000000033c6      0x35e Output/twi_sensor_pca10056 Debug/Obj/app_error_handler_gcc.o
 .debug_line    0x0000000000003724      0x640 Output/twi_sensor_pca10056 Debug/Obj/app_error_weak.o
 .debug_line    0x0000000000003d64      0x42c Output/twi_sensor_pca10056 Debug/Obj/app_util_platform.o
 .debug_line    0x0000000000004190      0x2e8 Output/twi_sensor_pca10056 Debug/Obj/nrf_assert.o
 .debug_line    0x0000000000004478      0x5a8 Output/twi_sensor_pca10056 Debug/Obj/nrf_atomic.o
 .debug_line    0x0000000000004a20      0x67d Output/twi_sensor_pca10056 Debug/Obj/nrf_balloc.o
 .debug_line    0x000000000000509d      0x3ff Output/twi_sensor_pca10056 Debug/Obj/nrf_fprintf.o
 .debug_line    0x000000000000549c      0x6ea Output/twi_sensor_pca10056 Debug/Obj/nrf_fprintf_format.o
 .debug_line    0x0000000000005b86      0x6c7 Output/twi_sensor_pca10056 Debug/Obj/nrf_memobj.o
 .debug_line    0x000000000000624d      0x3bf Output/twi_sensor_pca10056 Debug/Obj/nrf_strerror.o
 .debug_line    0x000000000000660c      0x85d Output/twi_sensor_pca10056 Debug/Obj/nrf_drv_twi.o
 .debug_line    0x0000000000006e69      0x736 Output/twi_sensor_pca10056 Debug/Obj/nrfx_prs.o
 .debug_line    0x000000000000759f     0x113e Output/twi_sensor_pca10056 Debug/Obj/nrfx_twim.o
 .debug_line    0x00000000000086dd     0x11fc Output/twi_sensor_pca10056 Debug/Obj/nrfx_uart.o
 .debug_line    0x00000000000098d9     0x1121 Output/twi_sensor_pca10056 Debug/Obj/nrfx_uarte.o
 .debug_line    0x000000000000a9fa      0xb3e Output/twi_sensor_pca10056 Debug/Obj/main.o
 .debug_line    0x000000000000b538      0xb34 Output/twi_sensor_pca10056 Debug/Obj/SEGGER_RTT.o
 .debug_line    0x000000000000c06c       0xb8 Output/twi_sensor_pca10056 Debug/Obj/ses_nRF_Startup.o
 .debug_line    0x000000000000c124       0xca Output/twi_sensor_pca10056 Debug/Obj/ses_nrf52840_Vectors.o
 .debug_line    0x000000000000c1ee      0x5a4 Output/twi_sensor_pca10056 Debug/Obj/system_nrf52840.o

.debug_info     0x0000000000000000    0x1823f
 .debug_info    0x0000000000000000       0x22 Output/twi_sensor_pca10056 Debug/Obj/thumb_crt0.o
 .debug_info    0x0000000000000022      0xb41 Output/twi_sensor_pca10056 Debug/Obj/nrf_log_backend_rtt.o
 .debug_info    0x0000000000000b63      0xc8d Output/twi_sensor_pca10056 Debug/Obj/nrf_log_backend_serial.o
 .debug_info    0x00000000000017f0      0x87d Output/twi_sensor_pca10056 Debug/Obj/nrf_log_default_backends.o
 .debug_info    0x000000000000206d     0x1ec3 Output/twi_sensor_pca10056 Debug/Obj/nrf_log_frontend.o
 .debug_info    0x0000000000003f30      0xaaf Output/twi_sensor_pca10056 Debug/Obj/nrf_log_str_formatter.o
 .debug_info    0x00000000000049df      0x836 Output/twi_sensor_pca10056 Debug/Obj/app_error.o
 .debug_info    0x0000000000005215      0x6d8 Output/twi_sensor_pca10056 Debug/Obj/app_error_handler_gcc.o
 .debug_info    0x00000000000058ed      0x875 Output/twi_sensor_pca10056 Debug/Obj/app_error_weak.o
 .debug_info    0x0000000000006162      0xcf8 Output/twi_sensor_pca10056 Debug/Obj/app_util_platform.o
 .debug_info    0x0000000000006e5a      0x6d5 Output/twi_sensor_pca10056 Debug/Obj/nrf_assert.o
 .debug_info    0x000000000000752f      0xe28 Output/twi_sensor_pca10056 Debug/Obj/nrf_atomic.o
 .debug_info    0x0000000000008357      0x935 Output/twi_sensor_pca10056 Debug/Obj/nrf_balloc.o
 .debug_info    0x0000000000008c8c      0x7ac Output/twi_sensor_pca10056 Debug/Obj/nrf_fprintf.o
 .debug_info    0x0000000000009438      0xa11 Output/twi_sensor_pca10056 Debug/Obj/nrf_fprintf_format.o
 .debug_info    0x0000000000009e49      0xc70 Output/twi_sensor_pca10056 Debug/Obj/nrf_memobj.o
 .debug_info    0x000000000000aab9      0x773 Output/twi_sensor_pca10056 Debug/Obj/nrf_strerror.o
 .debug_info    0x000000000000b22c     0x1878 Output/twi_sensor_pca10056 Debug/Obj/nrf_drv_twi.o
 .debug_info    0x000000000000caa4      0xd55 Output/twi_sensor_pca10056 Debug/Obj/nrfx_prs.o
 .debug_info    0x000000000000d7f9     0x232d Output/twi_sensor_pca10056 Debug/Obj/nrfx_twim.o
 .debug_info    0x000000000000fb26     0x2413 Output/twi_sensor_pca10056 Debug/Obj/nrfx_uart.o
 .debug_info    0x0000000000011f39     0x2532 Output/twi_sensor_pca10056 Debug/Obj/nrfx_uarte.o
 .debug_info    0x000000000001446b     0x1579 Output/twi_sensor_pca10056 Debug/Obj/main.o
 .debug_info    0x00000000000159e4     0x1384 Output/twi_sensor_pca10056 Debug/Obj/SEGGER_RTT.o
 .debug_info    0x0000000000016d68       0x26 Output/twi_sensor_pca10056 Debug/Obj/ses_nRF_Startup.o
 .debug_info    0x0000000000016d8e       0x26 Output/twi_sensor_pca10056 Debug/Obj/ses_nrf52840_Vectors.o
 .debug_info    0x0000000000016db4     0x148b Output/twi_sensor_pca10056 Debug/Obj/system_nrf52840.o

.debug_abbrev   0x0000000000000000     0x3945
 .debug_abbrev  0x0000000000000000       0x12 Output/twi_sensor_pca10056 Debug/Obj/thumb_crt0.o
 .debug_abbrev  0x0000000000000012      0x1f9 Output/twi_sensor_pca10056 Debug/Obj/nrf_log_backend_rtt.o
 .debug_abbrev  0x000000000000020b      0x215 Output/twi_sensor_pca10056 Debug/Obj/nrf_log_backend_serial.o
 .debug_abbrev  0x0000000000000420      0x1a3 Output/twi_sensor_pca10056 Debug/Obj/nrf_log_default_backends.o
 .debug_abbrev  0x00000000000005c3      0x495 Output/twi_sensor_pca10056 Debug/Obj/nrf_log_frontend.o
 .debug_abbrev  0x0000000000000a58      0x203 Output/twi_sensor_pca10056 Debug/Obj/nrf_log_str_formatter.o
 .debug_abbrev  0x0000000000000c5b      0x1ae Output/twi_sensor_pca10056 Debug/Obj/app_error.o
 .debug_abbrev  0x0000000000000e09      0x13b Output/twi_sensor_pca10056 Debug/Obj/app_error_handler_gcc.o
 .debug_abbrev  0x0000000000000f44      0x1b7 Output/twi_sensor_pca10056 Debug/Obj/app_error_weak.o
 .debug_abbrev  0x00000000000010fb      0x2bd Output/twi_sensor_pca10056 Debug/Obj/app_util_platform.o
 .debug_abbrev  0x00000000000013b8      0x14c Output/twi_sensor_pca10056 Debug/Obj/nrf_assert.o
 .debug_abbrev  0x0000000000001504      0x1e2 Output/twi_sensor_pca10056 Debug/Obj/nrf_atomic.o
 .debug_abbrev  0x00000000000016e6      0x224 Output/twi_sensor_pca10056 Debug/Obj/nrf_balloc.o
 .debug_abbrev  0x000000000000190a      0x19e Output/twi_sensor_pca10056 Debug/Obj/nrf_fprintf.o
 .debug_abbrev  0x0000000000001aa8      0x21a Output/twi_sensor_pca10056 Debug/Obj/nrf_fprintf_format.o
 .debug_abbrev  0x0000000000001cc2      0x1e9 Output/twi_sensor_pca10056 Debug/Obj/nrf_memobj.o
 .debug_abbrev  0x0000000000001eab      0x175 Output/twi_sensor_pca10056 Debug/Obj/nrf_strerror.o
 .debug_abbrev  0x0000000000002020      0x2fa Output/twi_sensor_pca10056 Debug/Obj/nrf_drv_twi.o
 .debug_abbrev  0x000000000000231a      0x262 Output/twi_sensor_pca10056 Debug/Obj/nrfx_prs.o
 .debug_abbrev  0x000000000000257c      0x3e1 Output/twi_sensor_pca10056 Debug/Obj/nrfx_twim.o
 .debug_abbrev  0x000000000000295d      0x426 Output/twi_sensor_pca10056 Debug/Obj/nrfx_uart.o
 .debug_abbrev  0x0000000000002d83      0x40a Output/twi_sensor_pca10056 Debug/Obj/nrfx_uarte.o
 .debug_abbrev  0x000000000000318d      0x315 Output/twi_sensor_pca10056 Debug/Obj/main.o
 .debug_abbrev  0x00000000000034a2      0x25e Output/twi_sensor_pca10056 Debug/Obj/SEGGER_RTT.o
 .debug_abbrev  0x0000000000003700       0x14 Output/twi_sensor_pca10056 Debug/Obj/ses_nRF_Startup.o
 .debug_abbrev  0x0000000000003714       0x14 Output/twi_sensor_pca10056 Debug/Obj/ses_nrf52840_Vectors.o
 .debug_abbrev  0x0000000000003728      0x21d Output/twi_sensor_pca10056 Debug/Obj/system_nrf52840.o

.debug_aranges  0x0000000000000000      0xdb0
 .debug_aranges
                0x0000000000000000       0x88 Output/twi_sensor_pca10056 Debug/Obj/thumb_crt0.o
 .debug_aranges
                0x0000000000000088       0x50 Output/twi_sensor_pca10056 Debug/Obj/nrf_log_backend_rtt.o
 .debug_aranges
                0x00000000000000d8       0x20 Output/twi_sensor_pca10056 Debug/Obj/nrf_log_backend_serial.o
 .debug_aranges
                0x00000000000000f8       0x28 Output/twi_sensor_pca10056 Debug/Obj/nrf_log_default_backends.o
 .debug_aranges
                0x0000000000000120      0x148 Output/twi_sensor_pca10056 Debug/Obj/nrf_log_frontend.o
 .debug_aranges
                0x0000000000000268       0x48 Output/twi_sensor_pca10056 Debug/Obj/nrf_log_str_formatter.o
 .debug_aranges
                0x00000000000002b0       0x28 Output/twi_sensor_pca10056 Debug/Obj/app_error.o
 .debug_aranges
                0x00000000000002d8       0x20 Output/twi_sensor_pca10056 Debug/Obj/app_error_handler_gcc.o
 .debug_aranges
                0x00000000000002f8       0x20 Output/twi_sensor_pca10056 Debug/Obj/app_error_weak.o
 .debug_aranges
                0x0000000000000318       0x50 Output/twi_sensor_pca10056 Debug/Obj/app_util_platform.o
 .debug_aranges
                0x0000000000000368       0x20 Output/twi_sensor_pca10056 Debug/Obj/nrf_assert.o
 .debug_aranges
                0x0000000000000388       0xb8 Output/twi_sensor_pca10056 Debug/Obj/nrf_atomic.o
 .debug_aranges
                0x0000000000000440       0x40 Output/twi_sensor_pca10056 Debug/Obj/nrf_balloc.o
 .debug_aranges
                0x0000000000000480       0x28 Output/twi_sensor_pca10056 Debug/Obj/nrf_fprintf.o
 .debug_aranges
                0x00000000000004a8       0x40 Output/twi_sensor_pca10056 Debug/Obj/nrf_fprintf_format.o
 .debug_aranges
                0x00000000000004e8       0x58 Output/twi_sensor_pca10056 Debug/Obj/nrf_memobj.o
 .debug_aranges
                0x0000000000000540       0x28 Output/twi_sensor_pca10056 Debug/Obj/nrf_strerror.o
 .debug_aranges
                0x0000000000000568       0x78 Output/twi_sensor_pca10056 Debug/Obj/nrf_drv_twi.o
 .debug_aranges
                0x00000000000005e0       0x38 Output/twi_sensor_pca10056 Debug/Obj/nrfx_prs.o
 .debug_aranges
                0x0000000000000618      0x1a8 Output/twi_sensor_pca10056 Debug/Obj/nrfx_twim.o
 .debug_aranges
                0x00000000000007c0      0x1f0 Output/twi_sensor_pca10056 Debug/Obj/nrfx_uart.o
 .debug_aranges
                0x00000000000009b0      0x1e0 Output/twi_sensor_pca10056 Debug/Obj/nrfx_uarte.o
 .debug_aranges
                0x0000000000000b90       0x70 Output/twi_sensor_pca10056 Debug/Obj/main.o
 .debug_aranges
                0x0000000000000c00      0x108 Output/twi_sensor_pca10056 Debug/Obj/SEGGER_RTT.o
 .debug_aranges
                0x0000000000000d08       0x20 Output/twi_sensor_pca10056 Debug/Obj/ses_nRF_Startup.o
 .debug_aranges
                0x0000000000000d28       0x20 Output/twi_sensor_pca10056 Debug/Obj/ses_nrf52840_Vectors.o
 .debug_aranges
                0x0000000000000d48       0x68 Output/twi_sensor_pca10056 Debug/Obj/system_nrf52840.o

.debug_str      0x0000000000000000    0x858c2
 .debug_str     0x0000000000000000       0xcd Output/twi_sensor_pca10056 Debug/Obj/thumb_crt0.o
 .debug_str     0x00000000000000cd    0x7b68b Output/twi_sensor_pca10056 Debug/Obj/nrf_log_backend_rtt.o
                                      0x7c737 (size before relaxing)
 .debug_str     0x000000000007b758      0x2cd Output/twi_sensor_pca10056 Debug/Obj/nrf_log_backend_serial.o
                                      0x790b9 (size before relaxing)
 .debug_str     0x000000000007ba25      0x145 Output/twi_sensor_pca10056 Debug/Obj/nrf_log_default_backends.o
                                      0x78e89 (size before relaxing)